Archive member included to satisfy reference by file (symbol)

d:/semester 241/embedded system/stm32 application/stm32cubeide_1.7.0/stm32cubeide/plugins/com.st.stm32cube.ide.mcu.externaltools.gnu-tools-for-stm32.9-2020-q2-update.win32_2.0.0.202105311346/tools/bin/../lib/gcc/arm-none-eabi/9.3.1/../../../../arm-none-eabi/lib/thumb/v7e-m+fp/hard\libc_nano.a(lib_a-errno.o)
                              ./Core/Src/syscalls.o (__errno)
d:/semester 241/embedded system/stm32 application/stm32cubeide_1.7.0/stm32cubeide/plugins/com.st.stm32cube.ide.mcu.externaltools.gnu-tools-for-stm32.9-2020-q2-update.win32_2.0.0.202105311346/tools/bin/../lib/gcc/arm-none-eabi/9.3.1/../../../../arm-none-eabi/lib/thumb/v7e-m+fp/hard\libc_nano.a(lib_a-exit.o)
                              d:/semester 241/embedded system/stm32 application/stm32cubeide_1.7.0/stm32cubeide/plugins/com.st.stm32cube.ide.mcu.externaltools.gnu-tools-for-stm32.9-2020-q2-update.win32_2.0.0.202105311346/tools/bin/../lib/gcc/arm-none-eabi/9.3.1/../../../../arm-none-eabi/lib/thumb/v7e-m+fp/hard/crt0.o (exit)
d:/semester 241/embedded system/stm32 application/stm32cubeide_1.7.0/stm32cubeide/plugins/com.st.stm32cube.ide.mcu.externaltools.gnu-tools-for-stm32.9-2020-q2-update.win32_2.0.0.202105311346/tools/bin/../lib/gcc/arm-none-eabi/9.3.1/../../../../arm-none-eabi/lib/thumb/v7e-m+fp/hard\libc_nano.a(lib_a-impure.o)
                              d:/semester 241/embedded system/stm32 application/stm32cubeide_1.7.0/stm32cubeide/plugins/com.st.stm32cube.ide.mcu.externaltools.gnu-tools-for-stm32.9-2020-q2-update.win32_2.0.0.202105311346/tools/bin/../lib/gcc/arm-none-eabi/9.3.1/../../../../arm-none-eabi/lib/thumb/v7e-m+fp/hard\libc_nano.a(lib_a-exit.o) (_global_impure_ptr)
d:/semester 241/embedded system/stm32 application/stm32cubeide_1.7.0/stm32cubeide/plugins/com.st.stm32cube.ide.mcu.externaltools.gnu-tools-for-stm32.9-2020-q2-update.win32_2.0.0.202105311346/tools/bin/../lib/gcc/arm-none-eabi/9.3.1/../../../../arm-none-eabi/lib/thumb/v7e-m+fp/hard\libc_nano.a(lib_a-init.o)
                              d:/semester 241/embedded system/stm32 application/stm32cubeide_1.7.0/stm32cubeide/plugins/com.st.stm32cube.ide.mcu.externaltools.gnu-tools-for-stm32.9-2020-q2-update.win32_2.0.0.202105311346/tools/bin/../lib/gcc/arm-none-eabi/9.3.1/../../../../arm-none-eabi/lib/thumb/v7e-m+fp/hard/crt0.o (__libc_init_array)
d:/semester 241/embedded system/stm32 application/stm32cubeide_1.7.0/stm32cubeide/plugins/com.st.stm32cube.ide.mcu.externaltools.gnu-tools-for-stm32.9-2020-q2-update.win32_2.0.0.202105311346/tools/bin/../lib/gcc/arm-none-eabi/9.3.1/../../../../arm-none-eabi/lib/thumb/v7e-m+fp/hard\libc_nano.a(lib_a-memset.o)
                              d:/semester 241/embedded system/stm32 application/stm32cubeide_1.7.0/stm32cubeide/plugins/com.st.stm32cube.ide.mcu.externaltools.gnu-tools-for-stm32.9-2020-q2-update.win32_2.0.0.202105311346/tools/bin/../lib/gcc/arm-none-eabi/9.3.1/../../../../arm-none-eabi/lib/thumb/v7e-m+fp/hard/crt0.o (memset)
d:/semester 241/embedded system/stm32 application/stm32cubeide_1.7.0/stm32cubeide/plugins/com.st.stm32cube.ide.mcu.externaltools.gnu-tools-for-stm32.9-2020-q2-update.win32_2.0.0.202105311346/tools/bin/../lib/gcc/arm-none-eabi/9.3.1/../../../../arm-none-eabi/lib/thumb/v7e-m+fp/hard\libc_nano.a(lib_a-sprintf.o)
                              ./Core/Src/uart.o (sprintf)
d:/semester 241/embedded system/stm32 application/stm32cubeide_1.7.0/stm32cubeide/plugins/com.st.stm32cube.ide.mcu.externaltools.gnu-tools-for-stm32.9-2020-q2-update.win32_2.0.0.202105311346/tools/bin/../lib/gcc/arm-none-eabi/9.3.1/../../../../arm-none-eabi/lib/thumb/v7e-m+fp/hard\libc_nano.a(lib_a-strlen.o)
                              ./Core/Src/lcd.o (strlen)
d:/semester 241/embedded system/stm32 application/stm32cubeide_1.7.0/stm32cubeide/plugins/com.st.stm32cube.ide.mcu.externaltools.gnu-tools-for-stm32.9-2020-q2-update.win32_2.0.0.202105311346/tools/bin/../lib/gcc/arm-none-eabi/9.3.1/../../../../arm-none-eabi/lib/thumb/v7e-m+fp/hard\libc_nano.a(lib_a-nano-svfprintf.o)
                              d:/semester 241/embedded system/stm32 application/stm32cubeide_1.7.0/stm32cubeide/plugins/com.st.stm32cube.ide.mcu.externaltools.gnu-tools-for-stm32.9-2020-q2-update.win32_2.0.0.202105311346/tools/bin/../lib/gcc/arm-none-eabi/9.3.1/../../../../arm-none-eabi/lib/thumb/v7e-m+fp/hard\libc_nano.a(lib_a-sprintf.o) (_svfprintf_r)
d:/semester 241/embedded system/stm32 application/stm32cubeide_1.7.0/stm32cubeide/plugins/com.st.stm32cube.ide.mcu.externaltools.gnu-tools-for-stm32.9-2020-q2-update.win32_2.0.0.202105311346/tools/bin/../lib/gcc/arm-none-eabi/9.3.1/../../../../arm-none-eabi/lib/thumb/v7e-m+fp/hard\libc_nano.a(lib_a-nano-vfprintf_i.o)
[...]
Memory Configuration

Name             Origin             Length             Attributes
CCMRAM           0x0000000010000000 0x0000000000010000 xrw
RAM              0x0000000020000000 0x0000000000020000 xrw
FLASH            0x0000000008000000 0x0000000000100000 xr
*default*        0x0000000000000000 0xffffffffffffffff

Linker script and memory map

LOAD d:/semester 241/embedded system/stm32 application/stm32cubeide_1.7.0/stm32cubeide/plugins/com.st.stm32cube.ide.mcu.externaltools.gnu-tools-for-stm32.9-2020-q2-update.win32_2.0.0.202105311346/tools/bin/../lib/gcc/arm-none-eabi/9.3.1/thumb/v7e-m+fp/hard/crti.o
LOAD d:/semester 241/embedded system/stm32 application/stm32cubeide_1.7.0/stm32cubeide/plugins/com.st.stm32cube.ide.mcu.externaltools.gnu-tools-for-stm32.9-2020-q2-update.win32_2.0.0.202105311346/tools/bin/../lib/gcc/arm-none-eabi/9.3.1/thumb/v7e-m+fp/hard/crtbegin.o
LOAD d:/semester 241/embedded system/stm32 application/stm32cubeide_1.7.0/stm32cubeide/plugins/com.st.stm32cube.ide.mcu.externaltools.gnu-tools-for-stm32.9-2020-q2-update.win32_2.0.0.202105311346/tools/bin/../lib/gcc/arm-none-eabi/9.3.1/../../../../arm-none-eabi/lib/thumb/v7e-m+fp/hard/crt0.o
LOAD ./Core/Src/al_fsm.o
LOAD ./Core/Src/button.o
LOAD ./Core/Src/ds3231.o
LOAD ./Core/Src/fsmc.o
LOAD ./Core/Src/global.o
LOAD ./Core/Src/gpio.o
LOAD ./Core/Src/i2c.o
LOAD ./Core/Src/lcd.o
LOAD ./Core/Src/led_7seg.o
LOAD ./Core/Src/main.o
LOAD ./Core/Src/main_fsm.o
LOAD ./Core/Src/picture.o
LOAD ./Core/Src/software_timer.o
LOAD ./Core/Src/spi.o
LOAD ./Core/Src/stm32f4xx_hal_msp.o
LOAD ./Core/Src/stm32f4xx_it.o
LOAD ./Core/Src/syscalls.o
LOAD ./Core/Src/sysmem.o
LOAD ./Core/Src/system_stm32f4xx.o
LOAD ./Core/Src/ta_fsm.o
LOAD ./Core/Src/tim.o
LOAD ./Core/Src/uart.o
LOAD ./Core/Src/uart_util.o
LOAD ./Core/Src/usart.o
LOAD ./Core/Src/utils.o
LOAD ./Core/Startup/startup_stm32f407zgtx.o
LOAD ./Drivers/STM32F4xx_HAL_Driver/Src/stm32f4xx_hal.o
LOAD ./Drivers/STM32F4xx_HAL_Driver/Src/stm32f4xx_hal_cortex.o
LOAD ./Drivers/STM32F4xx_HAL_Driver/Src/stm32f4xx_hal_dma.o
LOAD ./Drivers/STM32F4xx_HAL_Driver/Src/stm32f4xx_hal_dma_ex.o
LOAD ./Drivers/STM32F4xx_HAL_Driver/Src/stm32f4xx_hal_exti.o
LOAD ./Drivers/STM32F4xx_HAL_Driver/Src/stm32f4xx_hal_flash.o
LOAD ./Drivers/STM32F4xx_HAL_Driver/Src/stm32f4xx_hal_flash_ex.o
LOAD ./Drivers/STM32F4xx_HAL_Driver/Src/stm32f4xx_hal_flash_ramfunc.o
LOAD ./Drivers/STM32F4xx_HAL_Driver/Src/stm32f4xx_hal_gpio.o
LOAD ./Drivers/STM32F4xx_HAL_Driver/Src/stm32f4xx_hal_i2c.o
LOAD ./Drivers/STM32F4xx_HAL_Driver/Src/stm32f4xx_hal_i2c_ex.o
LOAD ./Drivers/STM32F4xx_HAL_Driver/Src/stm32f4xx_hal_pwr.o
LOAD ./Drivers/STM32F4xx_HAL_Driver/Src/stm32f4xx_hal_pwr_ex.o
LOAD ./Drivers/STM32F4xx_HAL_Driver/Src/stm32f4xx_hal_rcc.o
LOAD ./Drivers/STM32F4xx_HAL_Driver/Src/stm32f4xx_hal_rcc_ex.o
LOAD ./Drivers/STM32F4xx_HAL_Driver/Src/stm32f4xx_hal_spi.o
LOAD ./Drivers/STM32F4xx_HAL_Driver/Src/stm32f4xx_hal_sram.o
LOAD ./Drivers/STM32F4xx_HAL_Driver/Src/stm32f4xx_hal_tim.o
LOAD ./Drivers/STM32F4xx_HAL_Driver/Src/stm32f4xx_hal_tim_ex.o
LOAD ./Drivers/STM32F4xx_HAL_Driver/Src/stm32f4xx_hal_uart.o
LOAD ./Drivers/STM32F4xx_HAL_Driver/Src/stm32f4xx_ll_fsmc.o
START GROUP
LOAD d:/semester 241/embedded system/stm32 application/stm32cubeide_1.7.0/stm32cubeide/plugins/com.st.stm32cube.ide.mcu.externaltools.gnu-tools-for-stm32.9-2020-q2-update.win32_2.0.0.202105311346/tools/bin/../lib/gcc/arm-none-eabi/9.3.1/../../../../arm-none-eabi/lib/thumb/v7e-m+fp/hard\libc_nano.a
LOAD d:/semester 241/embedded system/stm32 application/stm32cubeide_1.7.0/stm32cubeide/plugins/com.st.stm32cube.ide.mcu.externaltools.gnu-tools-for-stm32.9-2020-q2-update.win32_2.0.0.202105311346/tools/bin/../lib/gcc/arm-none-eabi/9.3.1/../../../../arm-none-eabi/lib/thumb/v7e-m+fp/hard\libm.a
END GROUP
START GROUP
LOAD d:/semester 241/embedded system/stm32 application/stm32cubeide_1.7.0/stm32cubeide/plugins/com.st.stm32cube.ide.mcu.externaltools.gnu-tools-for-stm32.9-2020-q2-update.win32_2.0.0.202105311346/tools/bin/../lib/gcc/arm-none-eabi/9.3.1/thumb/v7e-m+fp/hard\libgcc.a
LOAD d:/semester 241/embedded system/stm32 application/stm32cubeide_1.7.0/stm32cubeide/plugins/com.st.stm32cube.ide.mcu.externaltools.gnu-tools-for-stm32.9-2020-q2-update.win32_2.0.0.202105311346/tools/bin/../lib/gcc/arm-none-eabi/9.3.1/../../../../arm-none-eabi/lib/thumb/v7e-m+fp/hard\libc_nano.a
END GROUP
START GROUP
LOAD d:/semester 241/embedded system/stm32 application/stm32cubeide_1.7.0/stm32cubeide/plugins/com.st.stm32cube.ide.mcu.externaltools.gnu-tools-for-stm32.9-2020-q2-update.win32_2.0.0.202105311346/tools/bin/../lib/gcc/arm-none-eabi/9.3.1/thumb/v7e-m+fp/hard\libgcc.a
LOAD d:/semester 241/embedded system/stm32 application/stm32cubeide_1.7.0/stm32cubeide/plugins/com.st.stm32cube.ide.mcu.externaltools.gnu-tools-for-stm32.9-2020-q2-update.win32_2.0.0.202105311346/tools/bin/../lib/gcc/arm-none-eabi/9.3.1/../../../../arm-none-eabi/lib/thumb/v7e-m+fp/hard\libc_nano.a
LOAD d:/semester 241/embedded system/stm32 application/stm32cubeide_1.7.0/stm32cubeide/plugins/com.st.stm32cube.ide.mcu.externaltools.gnu-tools-for-stm32.9-2020-q2-update.win32_2.0.0.202105311346/tools/bin/../lib/gcc/arm-none-eabi/9.3.1/../../../../arm-none-eabi/lib/thumb/v7e-m+fp/hard\libnosys.a
END GROUP
START GROUP
LOAD d:/semester 241/embedded system/stm32 application/stm32cubeide_1.7.0/stm32cubeide/plugins/com.st.stm32cube.ide.mcu.externaltools.gnu-tools-for-stm32.9-2020-q2-update.win32_2.0.0.202105311346/tools/bin/../lib/gcc/arm-none-eabi/9.3.1/thumb/v7e-m+fp/hard\libgcc.a
LOAD d:/semester 241/embedded system/stm32 application/stm32cubeide_1.7.0/stm32cubeide/plugins/com.st.stm32cube.ide.mcu.externaltools.gnu-tools-for-stm32.9-2020-q2-update.win32_2.0.0.202105311346/tools/bin/../lib/gcc/arm-none-eabi/9.3.1/../../../../arm-none-eabi/lib/thumb/v7e-m+fp/hard\libc_nano.a
LOAD d:/semester 241/embedded system/stm32 application/stm32cubeide_1.7.0/stm32cubeide/plugins/com.st.stm32cube.ide.mcu.externaltools.gnu-tools-for-stm32.9-2020-q2-update.win32_2.0.0.202105311346/tools/bin/../lib/gcc/arm-none-eabi/9.3.1/../../../../arm-none-eabi/lib/thumb/v7e-m+fp/hard\libnosys.a
END GROUP
LOAD d:/semester 241/embedded system/stm32 application/stm32cubeide_1.7.0/stm32cubeide/plugins/com.st.stm32cube.ide.mcu.externaltools.gnu-tools-for-stm32.9-2020-q2-update.win32_2.0.0.202105311346/tools/bin/../lib/gcc/arm-none-eabi/9.3.1/thumb/v7e-m+fp/hard/crtend.o
LOAD d:/semester 241/embedded system/stm32 application/stm32cubeide_1.7.0/stm32cubeide/plugins/com.st.stm32cube.ide.mcu.externaltools.gnu-tools-for-stm32.9-2020-q2-update.win32_2.0.0.202105311346/tools/bin/../lib/gcc/arm-none-eabi/9.3.1/thumb/v7e-m+fp/hard/crtn.o
                0x0000000020020000                _estack = (ORIGIN (RAM) + LENGTH (RAM))
                0x0000000000000200                _Min_Heap_Size = 0x200
                0x0000000000000400                _Min_Stack_Size = 0x400

.isr_vector     0x0000000008000000      0x188
                0x0000000008000000                . = ALIGN (0x4)
 *(.isr_vector)
 .isr_vector    0x0000000008000000      0x188 ./Core/Startup/startup_stm32f407zgtx.o
                0x0000000008000000                g_pfnVectors
                0x0000000008000188                . = ALIGN (0x4)

.text           0x0000000008000190     0x87b0
                0x0000000008000190                . = ALIGN (0x4)
 *(.text)
 .text          0x0000000008000190       0x40 d:/semester 241/embedded system/stm32 application/stm32cubeide_1.7.0/stm32cubeide/plugins/com.st.stm32cube.ide.mcu.externaltools.gnu-tools-for-stm32.9-2020-q2-update.win32_2.0.0.202105311346/tools/bin/../lib/gcc/arm-none-eabi/9.3.1/thumb/v7e-m+fp/hard/crtbegin.o
 .text          0x00000000080001d0       0xa0 d:/semester 241/embedded system/stm32 application/stm32cubeide_1.7.0/stm32cubeide/plugins/com.st.stm32cube.ide.mcu.externaltools.gnu-tools-for-stm32.9-2020-q2-update.win32_2.0.0.202105311346/tools/bin/../lib/gcc/arm-none-eabi/9.3.1/../../../../arm-none-eabi/lib/thumb/v7e-m+fp/hard\libc_nano.a(lib_a-memchr.o)
                0x00000000080001d0                memchr
 .text          0x0000000008000270       0x30 d:/semester 241/embedded system/stm32 application/stm32cubeide_1.7.0/stm32cubeide/plugins/com.st.stm32cube.ide.mcu.externaltools.gnu-tools-for-stm32.9-2020-q2-update.win32_2.0.0.202105311346/tools/bin/../lib/gcc/arm-none-eabi/9.3.1/thumb/v7e-m+fp/hard\libgcc.a(_aeabi_uldivmod.o)
                0x0000000008000270                __aeabi_uldivmod
 .text          0x00000000080002a0      0x2c4 d:/semester 241/embedded system/stm32 application/stm32cubeide_1.7.0/stm32cubeide/plugins/com.st.stm32cube.ide.mcu.externaltools.gnu-tools-for-stm32.9-2020-q2-update.win32_2.0.0.202105311346/tools/bin/../lib/gcc/arm-none-eabi/9.3.1/thumb/v7e-m+fp/hard\libgcc.a(_udivmoddi4.o)
                0x00000000080002a0                __udivmoddi4
 .text          0x0000000008000564        0x4 d:/semester 241/embedded system/stm32 application/stm32cubeide_1.7.0/stm32cubeide/plugins/com.st.stm32cube.ide.mcu.externaltools.gnu-tools-for-stm32.9-2020-q2-update.win32_2.0.0.202105311346/tools/bin/../lib/gcc/arm-none-eabi/9.3.1/thumb/v7e-m+fp/hard\libgcc.a(_dvmd_tls.o)
                0x0000000008000564                __aeabi_idiv0
                0x0000000008000564                __aeabi_ldiv0
 *(.text*)
 .text.button_init
                0x0000000008000568       0x18 ./Core/Src/button.o
                0x0000000008000568                button_init
 .text.button_Scan
                0x0000000008000580       0xd8 ./Core/Src/button.o
                0x0000000008000580                button_Scan
 .text.ds3231_init
                0x0000000008000658       0x88 ./Core/Src/ds3231.o
                0x0000000008000658                ds3231_init
 .text.ds3231_Write
                0x00000000080006e0       0x44 ./Core/Src/ds3231.o
                0x00000000080006e0                ds3231_Write
 .text.ds3231_ReadTime
                0x0000000008000724       0xc8 ./Core/Src/ds3231.o
                0x0000000008000724                ds3231_ReadTime
 .text.MX_FSMC_Init
                0x00000000080007ec       0xf4 ./Core/Src/fsmc.o
                0x00000000080007ec                MX_FSMC_Init
 .text.HAL_FSMC_MspInit
                0x00000000080008e0       0x98 ./Core/Src/fsmc.o
 .text.HAL_SRAM_MspInit
                0x0000000008000978       0x14 ./Core/Src/fsmc.o
                0x0000000008000978                HAL_SRAM_MspInit
 .text.MX_GPIO_Init
                0x000000000800098c      0x210 ./Core/Src/gpio.o
                0x000000000800098c                MX_GPIO_Init
 .text.MX_I2C1_Init
                0x0000000008000b9c       0x5c ./Core/Src/i2c.o
                0x0000000008000b9c                MX_I2C1_Init
 .text.HAL_I2C_MspInit
                0x0000000008000bf8       0x90 ./Core/Src/i2c.o
                0x0000000008000bf8                HAL_I2C_MspInit
 .text.LCD_WR_REG
                0x0000000008000c88       0x20 ./Core/Src/lcd.o
                0x0000000008000c88                LCD_WR_REG
 .text.LCD_WR_DATA
                0x0000000008000ca8       0x20 ./Core/Src/lcd.o
                0x0000000008000ca8                LCD_WR_DATA
 .text.LCD_RD_DATA
                0x0000000008000cc8       0x24 ./Core/Src/lcd.o
                0x0000000008000cc8                LCD_RD_DATA
 .text.lcd_AddressSet
                0x0000000008000cec       0x98 ./Core/Src/lcd.o
                0x0000000008000cec                lcd_AddressSet
 .text.lcd_Clear
                0x0000000008000d84       0x74 ./Core/Src/lcd.o
                0x0000000008000d84                lcd_Clear
 .text.lcd_DrawPoint
                0x0000000008000df8       0x2e ./Core/Src/lcd.o
                0x0000000008000df8                lcd_DrawPoint
 *fill*         0x0000000008000e26        0x2 
 .text.lcd_ShowChar
                0x0000000008000e28      0x1a0 ./Core/Src/lcd.o
                0x0000000008000e28                lcd_ShowChar
 .text.mypow    0x0000000008000fc8       0x38 ./Core/Src/lcd.o
                0x0000000008000fc8                mypow
 .text.lcd_ShowIntNum
                0x0000000008001000      0x130 ./Core/Src/lcd.o
                0x0000000008001000                lcd_ShowIntNum
 .text.lcd_SetDir
                0x0000000008001130       0x48 ./Core/Src/lcd.o
                0x0000000008001130                lcd_SetDir
 .text.lcd_init
                0x0000000008001178      0x2c0 ./Core/Src/lcd.o
                0x0000000008001178                lcd_init
 .text.lcd_ShowStr
                0x0000000008001438       0xc8 ./Core/Src/lcd.o
                0x0000000008001438                lcd_ShowStr
 .text.main     0x0000000008001500      0x174 ./Core/Src/main.o
                0x0000000008001500                main
 .text.SystemClock_Config
                0x0000000008001674       0xd4 ./Core/Src/main.o
                0x0000000008001674                SystemClock_Config
 .text.system_init
                0x0000000008001748       0x6c ./Core/Src/main.o
                0x0000000008001748                system_init
 .text.updateTime
                0x00000000080017b4       0x40 ./Core/Src/main.o
                0x00000000080017b4                updateTime
 .text.displayTime
                0x00000000080017f4       0xfc ./Core/Src/main.o
                0x00000000080017f4                displayTime
 .text.Error_Handler
                0x00000000080018f0        0xa ./Core/Src/main.o
                0x00000000080018f0                Error_Handler
 *fill*         0x00000000080018fa        0x2 
 .text.is_alarm
                0x00000000080018fc       0xac ./Core/Src/main_fsm.o
                0x00000000080018fc                is_alarm
 .text.display_ta_al
                0x00000000080019a8       0xda ./Core/Src/main_fsm.o
                0x00000000080019a8                display_ta_al
 *fill*         0x0000000008001a82        0x2 
 .text.clear_header
                0x0000000008001a84       0x28 ./Core/Src/main_fsm.o
                0x0000000008001a84                clear_header
 .text.updateTime_ta_al
                0x0000000008001aac       0x6a ./Core/Src/main_fsm.o
                0x0000000008001aac                updateTime_ta_al
 *fill*         0x0000000008001b16        0x2 
 .text.leap_year
                0x0000000008001b18       0x64 ./Core/Src/main_fsm.o
                0x0000000008001b18                leap_year
 .text.main_fsm
                0x0000000008001b7c     0x12dc ./Core/Src/main_fsm.o
                0x0000000008001b7c                main_fsm
 .text.timer_init
                0x0000000008002e58       0x14 ./Core/Src/software_timer.o
                0x0000000008002e58                timer_init
 .text.setTimer
                0x0000000008002e6c       0x48 ./Core/Src/software_timer.o
                0x0000000008002e6c                setTimer
 .text.HAL_TIM_PeriodElapsedCallback
                0x0000000008002eb4       0x84 ./Core/Src/software_timer.o
                0x0000000008002eb4                HAL_TIM_PeriodElapsedCallback
 .text.MX_SPI1_Init
                0x0000000008002f38       0x6c ./Core/Src/spi.o
                0x0000000008002f38                MX_SPI1_Init
 .text.HAL_SPI_MspInit
                0x0000000008002fa4       0x90 ./Core/Src/spi.o
                0x0000000008002fa4                HAL_SPI_MspInit
 .text.HAL_MspInit
                0x0000000008003034       0x50 ./Core/Src/stm32f4xx_hal_msp.o
                0x0000000008003034                HAL_MspInit
 .text.NMI_Handler
                0x0000000008003084        0x6 ./Core/Src/stm32f4xx_it.o
                0x0000000008003084                NMI_Handler
 .text.HardFault_Handler
                0x000000000800308a        0x6 ./Core/Src/stm32f4xx_it.o
                0x000000000800308a                HardFault_Handler
 .text.MemManage_Handler
                0x0000000008003090        0x6 ./Core/Src/stm32f4xx_it.o
                0x0000000008003090                MemManage_Handler
 .text.BusFault_Handler
                0x0000000008003096        0x6 ./Core/Src/stm32f4xx_it.o
                0x0000000008003096                BusFault_Handler
 .text.UsageFault_Handler
                0x000000000800309c        0x6 ./Core/Src/stm32f4xx_it.o
                0x000000000800309c                UsageFault_Handler
 .text.SVC_Handler
                0x00000000080030a2        0xe ./Core/Src/stm32f4xx_it.o
                0x00000000080030a2                SVC_Handler
 .text.DebugMon_Handler
                0x00000000080030b0        0xe ./Core/Src/stm32f4xx_it.o
                0x00000000080030b0                DebugMon_Handler
 .text.PendSV_Handler
                0x00000000080030be        0xe ./Core/Src/stm32f4xx_it.o
                0x00000000080030be                PendSV_Handler
 .text.SysTick_Handler
                0x00000000080030cc        0xc ./Core/Src/stm32f4xx_it.o
                0x00000000080030cc                SysTick_Handler
 .text.TIM2_IRQHandler
                0x00000000080030d8       0x14 ./Core/Src/stm32f4xx_it.o
                0x00000000080030d8                TIM2_IRQHandler
 .text.USART1_IRQHandler
                0x00000000080030ec       0x14 ./Core/Src/stm32f4xx_it.o
                0x00000000080030ec                USART1_IRQHandler
 .text._sbrk    0x0000000008003100       0x6c ./Core/Src/sysmem.o
                0x0000000008003100                _sbrk
 .text.SystemInit
                0x000000000800316c       0x24 ./Core/Src/system_stm32f4xx.o
                0x000000000800316c                SystemInit
 .text.MX_TIM2_Init
                0x0000000008003190       0x98 ./Core/Src/tim.o
                0x0000000008003190                MX_TIM2_Init
 .text.HAL_TIM_Base_MspInit
                0x0000000008003228       0x4c ./Core/Src/tim.o
                0x0000000008003228                HAL_TIM_Base_MspInit
 .text.uart_init_rs232
                0x0000000008003274       0x1c ./Core/Src/uart.o
                0x0000000008003274                uart_init_rs232
 .text.uart_Rs232SendString
                0x0000000008003290       0x34 ./Core/Src/uart.o
                0x0000000008003290                uart_Rs232SendString
 .text.HAL_UART_RxCpltCallback
                0x00000000080032c4       0x68 ./Core/Src/uart_util.o
                0x00000000080032c4                HAL_UART_RxCpltCallback
 .text.read_buffer
                0x000000000800332c       0x48 ./Core/Src/uart_util.o
 .text.flush_buffer
                0x0000000008003374       0x20 ./Core/Src/uart_util.o
 .text.request_time_uart_helper
                0x0000000008003394       0xe8 ./Core/Src/uart_util.o
 .text.request_time_uart
                0x000000000800347c      0x3f0 ./Core/Src/uart_util.o
                0x000000000800347c                request_time_uart
 .text.MX_USART1_UART_Init
                0x000000000800386c       0x54 ./Core/Src/usart.o
                0x000000000800386c                MX_USART1_UART_Init
 .text.HAL_UART_MspInit
                0x00000000080038c0       0xa0 ./Core/Src/usart.o
                0x00000000080038c0                HAL_UART_MspInit
 .text.BCD2DEC  0x0000000008003960       0x32 ./Core/Src/utils.o
                0x0000000008003960                BCD2DEC
 *fill*         0x0000000008003992        0x2 
 .text.DEC2BCD  0x0000000008003994       0x48 ./Core/Src/utils.o
                0x0000000008003994                DEC2BCD
 .text.Reset_Handler
                0x00000000080039dc       0x50 ./Core/Startup/startup_stm32f407zgtx.o
                0x00000000080039dc                Reset_Handler
 .text.Default_Handler
                0x0000000008003a2c        0x2 ./Core/Startup/startup_stm32f407zgtx.o
                0x0000000008003a2c                RTC_Alarm_IRQHandler
                0x0000000008003a2c                HASH_RNG_IRQHandler
                0x0000000008003a2c                EXTI2_IRQHandler
                0x0000000008003a2c                TIM8_CC_IRQHandler
                0x0000000008003a2c                TIM1_CC_IRQHandler
                0x0000000008003a2c                DMA2_Stream5_IRQHandler
                0x0000000008003a2c                DMA1_Stream5_IRQHandler
                0x0000000008003a2c                PVD_IRQHandler
                0x0000000008003a2c                SDIO_IRQHandler
                0x0000000008003a2c                TAMP_STAMP_IRQHandler
                0x0000000008003a2c                CAN2_RX1_IRQHandler
                0x0000000008003a2c                EXTI3_IRQHandler
                0x0000000008003a2c                TIM8_TRG_COM_TIM14_IRQHandler
                0x0000000008003a2c                TIM1_UP_TIM10_IRQHandler
                0x0000000008003a2c                TIM8_UP_TIM13_IRQHandler
                0x0000000008003a2c                I2C3_ER_IRQHandler
                0x0000000008003a2c                EXTI0_IRQHandler
                0x0000000008003a2c                I2C2_EV_IRQHandler
                0x0000000008003a2c                DMA1_Stream2_IRQHandler
                0x0000000008003a2c                CAN1_RX0_IRQHandler
                0x0000000008003a2c                FPU_IRQHandler
                0x0000000008003a2c                OTG_HS_WKUP_IRQHandler
                0x0000000008003a2c                CAN2_SCE_IRQHandler
                0x0000000008003a2c                DMA2_Stream2_IRQHandler
                0x0000000008003a2c                SPI1_IRQHandler
                0x0000000008003a2c                TIM6_DAC_IRQHandler
                0x0000000008003a2c                TIM1_BRK_TIM9_IRQHandler
                0x0000000008003a2c                DCMI_IRQHandler
                0x0000000008003a2c                CAN2_RX0_IRQHandler
                0x0000000008003a2c                DMA2_Stream3_IRQHandler
                0x0000000008003a2c                USART6_IRQHandler
                0x0000000008003a2c                USART3_IRQHandler
                0x0000000008003a2c                CAN1_RX1_IRQHandler
                0x0000000008003a2c                UART5_IRQHandler
                0x0000000008003a2c                DMA2_Stream0_IRQHandler
                0x0000000008003a2c                TIM4_IRQHandler
                0x0000000008003a2c                I2C1_EV_IRQHandler
                0x0000000008003a2c                DMA1_Stream6_IRQHandler
                0x0000000008003a2c                DMA1_Stream1_IRQHandler
                0x0000000008003a2c                UART4_IRQHandler
                0x0000000008003a2c                TIM3_IRQHandler
                0x0000000008003a2c                RCC_IRQHandler
                0x0000000008003a2c                TIM8_BRK_TIM12_IRQHandler
                0x0000000008003a2c                Default_Handler
                0x0000000008003a2c                EXTI15_10_IRQHandler
                0x0000000008003a2c                ADC_IRQHandler
                0x0000000008003a2c                DMA1_Stream7_IRQHandler
                0x0000000008003a2c                TIM7_IRQHandler
                0x0000000008003a2c                CAN2_TX_IRQHandler
                0x0000000008003a2c                TIM5_IRQHandler
                0x0000000008003a2c                DMA2_Stream7_IRQHandler
                0x0000000008003a2c                I2C3_EV_IRQHandler
                0x0000000008003a2c                EXTI9_5_IRQHandler
                0x0000000008003a2c                RTC_WKUP_IRQHandler
                0x0000000008003a2c                ETH_WKUP_IRQHandler
                0x0000000008003a2c                SPI2_IRQHandler
                0x0000000008003a2c                OTG_HS_EP1_IN_IRQHandler
                0x0000000008003a2c                DMA1_Stream0_IRQHandler
                0x0000000008003a2c                CAN1_TX_IRQHandler
                0x0000000008003a2c                EXTI4_IRQHandler
                0x0000000008003a2c                FSMC_IRQHandler
                0x0000000008003a2c                ETH_IRQHandler
                0x0000000008003a2c                OTG_HS_EP1_OUT_IRQHandler
                0x0000000008003a2c                WWDG_IRQHandler
                0x0000000008003a2c                OTG_FS_WKUP_IRQHandler
                0x0000000008003a2c                TIM1_TRG_COM_TIM11_IRQHandler
                0x0000000008003a2c                OTG_HS_IRQHandler
                0x0000000008003a2c                EXTI1_IRQHandler
                0x0000000008003a2c                USART2_IRQHandler
                0x0000000008003a2c                I2C2_ER_IRQHandler
                0x0000000008003a2c                DMA2_Stream1_IRQHandler
                0x0000000008003a2c                CAN1_SCE_IRQHandler
                0x0000000008003a2c                FLASH_IRQHandler
                0x0000000008003a2c                DMA2_Stream4_IRQHandler
                0x0000000008003a2c                OTG_FS_IRQHandler
                0x0000000008003a2c                SPI3_IRQHandler
                0x0000000008003a2c                DMA1_Stream4_IRQHandler
                0x0000000008003a2c                I2C1_ER_IRQHandler
                0x0000000008003a2c                DMA2_Stream6_IRQHandler
                0x0000000008003a2c                DMA1_Stream3_IRQHandler
 *fill*         0x0000000008003a2e        0x2 
 .text.HAL_Init
                0x0000000008003a30       0x44 ./Drivers/STM32F4xx_HAL_Driver/Src/stm32f4xx_hal.o
                0x0000000008003a30                HAL_Init
 .text.HAL_InitTick
                0x0000000008003a74       0x60 ./Drivers/STM32F4xx_HAL_Driver/Src/stm32f4xx_hal.o
                0x0000000008003a74                HAL_InitTick
 .text.HAL_IncTick
                0x0000000008003ad4       0x28 ./Drivers/STM32F4xx_HAL_Driver/Src/stm32f4xx_hal.o
                0x0000000008003ad4                HAL_IncTick
 .text.HAL_GetTick
                0x0000000008003afc       0x18 ./Drivers/STM32F4xx_HAL_Driver/Src/stm32f4xx_hal.o
                0x0000000008003afc                HAL_GetTick
 .text.HAL_Delay
                0x0000000008003b14       0x48 ./Drivers/STM32F4xx_HAL_Driver/Src/stm32f4xx_hal.o
                0x0000000008003b14                HAL_Delay
 .text.__NVIC_SetPriorityGrouping
                0x0000000008003b5c       0x48 ./Drivers/STM32F4xx_HAL_Driver/Src/stm32f4xx_hal_cortex.o
 .text.__NVIC_GetPriorityGrouping
                0x0000000008003ba4       0x1c ./Drivers/STM32F4xx_HAL_Driver/Src/stm32f4xx_hal_cortex.o
 .text.__NVIC_EnableIRQ
                0x0000000008003bc0       0x3c ./Drivers/STM32F4xx_HAL_Driver/Src/stm32f4xx_hal_cortex.o
 .text.__NVIC_SetPriority
                0x0000000008003bfc       0x54 ./Drivers/STM32F4xx_HAL_Driver/Src/stm32f4xx_hal_cortex.o
 .text.NVIC_EncodePriority
                0x0000000008003c50       0x66 ./Drivers/STM32F4xx_HAL_Driver/Src/stm32f4xx_hal_cortex.o
 *fill*         0x0000000008003cb6        0x2 
 .text.SysTick_Config
                0x0000000008003cb8       0x44 ./Drivers/STM32F4xx_HAL_Driver/Src/stm32f4xx_hal_cortex.o
 .text.HAL_NVIC_SetPriorityGrouping
                0x0000000008003cfc       0x16 ./Drivers/STM32F4xx_HAL_Driver/Src/stm32f4xx_hal_cortex.o
                0x0000000008003cfc                HAL_NVIC_SetPriorityGrouping
 .text.HAL_NVIC_SetPriority
                0x0000000008003d12       0x38 ./Drivers/STM32F4xx_HAL_Driver/Src/stm32f4xx_hal_cortex.o
                0x0000000008003d12                HAL_NVIC_SetPriority
 .text.HAL_NVIC_EnableIRQ
                0x0000000008003d4a       0x1c ./Drivers/STM32F4xx_HAL_Driver/Src/stm32f4xx_hal_cortex.o
                0x0000000008003d4a                HAL_NVIC_EnableIRQ
 .text.HAL_SYSTICK_Config
                0x0000000008003d66       0x18 ./Drivers/STM32F4xx_HAL_Driver/Src/stm32f4xx_hal_cortex.o
                0x0000000008003d66                HAL_SYSTICK_Config
 .text.HAL_DMA_Abort
                0x0000000008003d7e       0xe0 ./Drivers/STM32F4xx_HAL_Driver/Src/stm32f4xx_hal_dma.o
                0x0000000008003d7e                HAL_DMA_Abort
 .text.HAL_DMA_Abort_IT
                0x0000000008003e5e       0x44 ./Drivers/STM32F4xx_HAL_Driver/Src/stm32f4xx_hal_dma.o
                0x0000000008003e5e                HAL_DMA_Abort_IT
 *fill*         0x0000000008003ea2        0x2 
 .text.HAL_GPIO_Init
                0x0000000008003ea4      0x338 ./Drivers/STM32F4xx_HAL_Driver/Src/stm32f4xx_hal_gpio.o
                0x0000000008003ea4                HAL_GPIO_Init
 .text.HAL_GPIO_WritePin
                0x00000000080041dc       0x32 ./Drivers/STM32F4xx_HAL_Driver/Src/stm32f4xx_hal_gpio.o
                0x00000000080041dc                HAL_GPIO_WritePin
 *fill*         0x000000000800420e        0x2 
 .text.HAL_I2C_Init
                0x0000000008004210      0x288 ./Drivers/STM32F4xx_HAL_Driver/Src/stm32f4xx_hal_i2c.o
                0x0000000008004210                HAL_I2C_Init
 .text.HAL_I2C_Mem_Write
                0x0000000008004498      0x1f4 ./Drivers/STM32F4xx_HAL_Driver/Src/stm32f4xx_hal_i2c.o
                0x0000000008004498                HAL_I2C_Mem_Write
 .text.HAL_I2C_Mem_Read
                0x000000000800468c      0x44c ./Drivers/STM32F4xx_HAL_Driver/Src/stm32f4xx_hal_i2c.o
                0x000000000800468c                HAL_I2C_Mem_Read
 .text.HAL_I2C_IsDeviceReady
                0x0000000008004ad8      0x25c ./Drivers/STM32F4xx_HAL_Driver/Src/stm32f4xx_hal_i2c.o
                0x0000000008004ad8                HAL_I2C_IsDeviceReady
 .text.I2C_RequestMemoryWrite
                0x0000000008004d34      0x12c ./Drivers/STM32F4xx_HAL_Driver/Src/stm32f4xx_hal_i2c.o
 .text.I2C_RequestMemoryRead
                0x0000000008004e60      0x1d0 ./Drivers/STM32F4xx_HAL_Driver/Src/stm32f4xx_hal_i2c.o
 .text.I2C_WaitOnFlagUntilTimeout
                0x0000000008005030       0xae ./Drivers/STM32F4xx_HAL_Driver/Src/stm32f4xx_hal_i2c.o
 .text.I2C_WaitOnMasterAddressFlagUntilTimeout
                0x00000000080050de       0xfe ./Drivers/STM32F4xx_HAL_Driver/Src/stm32f4xx_hal_i2c.o
 .text.I2C_WaitOnTXEFlagUntilTimeout
                0x00000000080051dc       0x82 ./Drivers/STM32F4xx_HAL_Driver/Src/stm32f4xx_hal_i2c.o
 .text.I2C_WaitOnBTFFlagUntilTimeout
                0x000000000800525e       0x82 ./Drivers/STM32F4xx_HAL_Driver/Src/stm32f4xx_hal_i2c.o
 .text.I2C_WaitOnRXNEFlagUntilTimeout
                0x00000000080052e0       0xac ./Drivers/STM32F4xx_HAL_Driver/Src/stm32f4xx_hal_i2c.o
 .text.I2C_IsAcknowledgeFailed
                0x000000000800538c       0x5e ./Drivers/STM32F4xx_HAL_Driver/Src/stm32f4xx_hal_i2c.o
 *fill*         0x00000000080053ea        0x2 
 .text.HAL_RCC_OscConfig
                0x00000000080053ec      0x4f0 ./Drivers/STM32F4xx_HAL_Driver/Src/stm32f4xx_hal_rcc.o
                0x00000000080053ec                HAL_RCC_OscConfig
 .text.HAL_RCC_ClockConfig
                0x00000000080058dc      0x1cc ./Drivers/STM32F4xx_HAL_Driver/Src/stm32f4xx_hal_rcc.o
                0x00000000080058dc                HAL_RCC_ClockConfig
 .text.HAL_RCC_GetSysClockFreq
                0x0000000008005aa8      0x1c4 ./Drivers/STM32F4xx_HAL_Driver/Src/stm32f4xx_hal_rcc.o
                0x0000000008005aa8                HAL_RCC_GetSysClockFreq
 .text.HAL_RCC_GetHCLKFreq
                0x0000000008005c6c       0x18 ./Drivers/STM32F4xx_HAL_Driver/Src/stm32f4xx_hal_rcc.o
                0x0000000008005c6c                HAL_RCC_GetHCLKFreq
 .text.HAL_RCC_GetPCLK1Freq
                0x0000000008005c84       0x28 ./Drivers/STM32F4xx_HAL_Driver/Src/stm32f4xx_hal_rcc.o
                0x0000000008005c84                HAL_RCC_GetPCLK1Freq
 .text.HAL_RCC_GetPCLK2Freq
                0x0000000008005cac       0x28 ./Drivers/STM32F4xx_HAL_Driver/Src/stm32f4xx_hal_rcc.o
                0x0000000008005cac                HAL_RCC_GetPCLK2Freq
 .text.HAL_SPI_Init
                0x0000000008005cd4      0x112 ./Drivers/STM32F4xx_HAL_Driver/Src/stm32f4xx_hal_spi.o
                0x0000000008005cd4                HAL_SPI_Init
 .text.HAL_SPI_Receive
                0x0000000008005de6      0x222 ./Drivers/STM32F4xx_HAL_Driver/Src/stm32f4xx_hal_spi.o
                0x0000000008005de6                HAL_SPI_Receive
 .text.HAL_SPI_TransmitReceive
                0x0000000008006008      0x344 ./Drivers/STM32F4xx_HAL_Driver/Src/stm32f4xx_hal_spi.o
                0x0000000008006008                HAL_SPI_TransmitReceive
 .text.SPI_WaitFlagStateUntilTimeout
                0x000000000800634c      0x110 ./Drivers/STM32F4xx_HAL_Driver/Src/stm32f4xx_hal_spi.o
 .text.SPI_EndRxTransaction
                0x000000000800645c       0xca ./Drivers/STM32F4xx_HAL_Driver/Src/stm32f4xx_hal_spi.o
 *fill*         0x0000000008006526        0x2 
 .text.SPI_EndRxTxTransaction
                0x0000000008006528       0x84 ./Drivers/STM32F4xx_HAL_Driver/Src/stm32f4xx_hal_spi.o
 .text.HAL_SRAM_Init
                0x00000000080065ac       0x88 ./Drivers/STM32F4xx_HAL_Driver/Src/stm32f4xx_hal_sram.o
                0x00000000080065ac                HAL_SRAM_Init
 .text.HAL_TIM_Base_Init
                0x0000000008006634       0x9e ./Drivers/STM32F4xx_HAL_Driver/Src/stm32f4xx_hal_tim.o
                0x0000000008006634                HAL_TIM_Base_Init
 *fill*         0x00000000080066d2        0x2 
 .text.HAL_TIM_Base_Start_IT
                0x00000000080066d4       0xe0 ./Drivers/STM32F4xx_HAL_Driver/Src/stm32f4xx_hal_tim.o
                0x00000000080066d4                HAL_TIM_Base_Start_IT
 .text.HAL_TIM_IRQHandler
                0x00000000080067b4      0x210 ./Drivers/STM32F4xx_HAL_Driver/Src/stm32f4xx_hal_tim.o
                0x00000000080067b4                HAL_TIM_IRQHandler
 .text.HAL_TIM_ConfigClockSource
                0x00000000080069c4      0x18e ./Drivers/STM32F4xx_HAL_Driver/Src/stm32f4xx_hal_tim.o
                0x00000000080069c4                HAL_TIM_ConfigClockSource
 .text.HAL_TIM_OC_DelayElapsedCallback
                0x0000000008006b52       0x14 ./Drivers/STM32F4xx_HAL_Driver/Src/stm32f4xx_hal_tim.o
                0x0000000008006b52                HAL_TIM_OC_DelayElapsedCallback
 .text.HAL_TIM_IC_CaptureCallback
                0x0000000008006b66       0x14 ./Drivers/STM32F4xx_HAL_Driver/Src/stm32f4xx_hal_tim.o
                0x0000000008006b66                HAL_TIM_IC_CaptureCallback
 .text.HAL_TIM_PWM_PulseFinishedCallback
                0x0000000008006b7a       0x14 ./Drivers/STM32F4xx_HAL_Driver/Src/stm32f4xx_hal_tim.o
                0x0000000008006b7a                HAL_TIM_PWM_PulseFinishedCallback
 .text.HAL_TIM_TriggerCallback
                0x0000000008006b8e       0x14 ./Drivers/STM32F4xx_HAL_Driver/Src/stm32f4xx_hal_tim.o
                0x0000000008006b8e                HAL_TIM_TriggerCallback
 *fill*         0x0000000008006ba2        0x2 
 .text.TIM_Base_SetConfig
                0x0000000008006ba4      0x140 ./Drivers/STM32F4xx_HAL_Driver/Src/stm32f4xx_hal_tim.o
                0x0000000008006ba4                TIM_Base_SetConfig
 .text.TIM_TI1_ConfigInputStage
                0x0000000008006ce4       0x5e ./Drivers/STM32F4xx_HAL_Driver/Src/stm32f4xx_hal_tim.o
 .text.TIM_TI2_ConfigInputStage
                0x0000000008006d42       0x60 ./Drivers/STM32F4xx_HAL_Driver/Src/stm32f4xx_hal_tim.o
 .text.TIM_ITRx_SetConfig
                0x0000000008006da2       0x36 ./Drivers/STM32F4xx_HAL_Driver/Src/stm32f4xx_hal_tim.o
 .text.TIM_ETR_SetConfig
                0x0000000008006dd8       0x40 ./Drivers/STM32F4xx_HAL_Driver/Src/stm32f4xx_hal_tim.o
                0x0000000008006dd8                TIM_ETR_SetConfig
 .text.HAL_TIMEx_MasterConfigSynchronization
                0x0000000008006e18       0xf8 ./Drivers/STM32F4xx_HAL_Driver/Src/stm32f4xx_hal_tim_ex.o
                0x0000000008006e18                HAL_TIMEx_MasterConfigSynchronization
 .text.HAL_TIMEx_CommutCallback
                0x0000000008006f10       0x14 ./Drivers/STM32F4xx_HAL_Driver/Src/stm32f4xx_hal_tim_ex.o
                0x0000000008006f10                HAL_TIMEx_CommutCallback
 .text.HAL_TIMEx_BreakCallback
                0x0000000008006f24       0x14 ./Drivers/STM32F4xx_HAL_Driver/Src/stm32f4xx_hal_tim_ex.o
                0x0000000008006f24                HAL_TIMEx_BreakCallback
 .text.HAL_UART_Init
                0x0000000008006f38       0x9a ./Drivers/STM32F4xx_HAL_Driver/Src/stm32f4xx_hal_uart.o
                0x0000000008006f38                HAL_UART_Init
 .text.HAL_UART_Transmit
                0x0000000008006fd2      0x124 ./Drivers/STM32F4xx_HAL_Driver/Src/stm32f4xx_hal_uart.o
                0x0000000008006fd2                HAL_UART_Transmit
 .text.HAL_UART_Receive_IT
                0x00000000080070f6       0x60 ./Drivers/STM32F4xx_HAL_Driver/Src/stm32f4xx_hal_uart.o
                0x00000000080070f6                HAL_UART_Receive_IT
 *fill*         0x0000000008007156        0x2 
 .text.HAL_UART_IRQHandler
                0x0000000008007158      0x51c ./Drivers/STM32F4xx_HAL_Driver/Src/stm32f4xx_hal_uart.o
                0x0000000008007158                HAL_UART_IRQHandler
 .text.HAL_UART_TxCpltCallback
                0x0000000008007674       0x14 ./Drivers/STM32F4xx_HAL_Driver/Src/stm32f4xx_hal_uart.o
                0x0000000008007674                HAL_UART_TxCpltCallback
 .text.HAL_UART_ErrorCallback
                0x0000000008007688       0x14 ./Drivers/STM32F4xx_HAL_Driver/Src/stm32f4xx_hal_uart.o
                0x0000000008007688                HAL_UART_ErrorCallback
 .text.HAL_UARTEx_RxEventCallback
                0x000000000800769c       0x18 ./Drivers/STM32F4xx_HAL_Driver/Src/stm32f4xx_hal_uart.o
                0x000000000800769c                HAL_UARTEx_RxEventCallback
 .text.UART_WaitOnFlagUntilTimeout
                0x00000000080076b4       0xdc ./Drivers/STM32F4xx_HAL_Driver/Src/stm32f4xx_hal_uart.o
 .text.UART_Start_Receive_IT
                0x0000000008007790       0x74 ./Drivers/STM32F4xx_HAL_Driver/Src/stm32f4xx_hal_uart.o
                0x0000000008007790                UART_Start_Receive_IT
 .text.UART_EndRxTransfer
                0x0000000008007804       0xc6 ./Drivers/STM32F4xx_HAL_Driver/Src/stm32f4xx_hal_uart.o
 .text.UART_DMAAbortOnError
                0x00000000080078ca       0x28 ./Drivers/STM32F4xx_HAL_Driver/Src/stm32f4xx_hal_uart.o
 .text.UART_Transmit_IT
                0x00000000080078f2       0xa0 ./Drivers/STM32F4xx_HAL_Driver/Src/stm32f4xx_hal_uart.o
 .text.UART_EndTransmit_IT
                0x0000000008007992       0x30 ./Drivers/STM32F4xx_HAL_Driver/Src/stm32f4xx_hal_uart.o
 .text.UART_Receive_IT
                0x00000000080079c2      0x176 ./Drivers/STM32F4xx_HAL_Driver/Src/stm32f4xx_hal_uart.o
 .text.UART_SetConfig
                0x0000000008007b38      0x390 ./Drivers/STM32F4xx_HAL_Driver/Src/stm32f4xx_hal_uart.o
 .text.FSMC_NORSRAM_Init
                0x0000000008007ec8       0xa4 ./Drivers/STM32F4xx_HAL_Driver/Src/stm32f4xx_ll_fsmc.o
                0x0000000008007ec8                FSMC_NORSRAM_Init
 .text.FSMC_NORSRAM_Timing_Init
                0x0000000008007f6c       0x7a ./Drivers/STM32F4xx_HAL_Driver/Src/stm32f4xx_ll_fsmc.o
                0x0000000008007f6c                FSMC_NORSRAM_Timing_Init
 *fill*         0x0000000008007fe6        0x2 
 .text.FSMC_NORSRAM_Extended_Timing_Init
                0x0000000008007fe8       0x80 ./Drivers/STM32F4xx_HAL_Driver/Src/stm32f4xx_ll_fsmc.o
                0x0000000008007fe8                FSMC_NORSRAM_Extended_Timing_Init
 .text.__errno  0x0000000008008068        0xc d:/semester 241/embedded system/stm32 application/stm32cubeide_1.7.0/stm32cubeide/plugins/com.st.stm32cube.ide.mcu.externaltools.gnu-tools-for-stm32.9-2020-q2-update.win32_2.0.0.202105311346/tools/bin/../lib/gcc/arm-none-eabi/9.3.1/../../../../arm-none-eabi/lib/thumb/v7e-m+fp/hard\libc_nano.a(lib_a-errno.o)
                0x0000000008008068                __errno
 .text.__libc_init_array
                0x0000000008008074       0x48 d:/semester 241/embedded system/stm32 application/stm32cubeide_1.7.0/stm32cubeide/plugins/com.st.stm32cube.ide.mcu.externaltools.gnu-tools-for-stm32.9-2020-q2-update.win32_2.0.0.202105311346/tools/bin/../lib/gcc/arm-none-eabi/9.3.1/../../../../arm-none-eabi/lib/thumb/v7e-m+fp/hard\libc_nano.a(lib_a-init.o)
                0x0000000008008074                __libc_init_array
 .text.memset   0x00000000080080bc       0x10 d:/semester 241/embedded system/stm32 application/stm32cubeide_1.7.0/stm32cubeide/plugins/com.st.stm32cube.ide.mcu.externaltools.gnu-tools-for-stm32.9-2020-q2-update.win32_2.0.0.202105311346/tools/bin/../lib/gcc/arm-none-eabi/9.3.1/../../../../arm-none-eabi/lib/thumb/v7e-m+fp/hard\libc_nano.a(lib_a-memset.o)
                0x00000000080080bc                memset
 .text.sprintf  0x00000000080080cc       0x40 d:/semester 241/embedded system/stm32 application/stm32cubeide_1.7.0/stm32cubeide/plugins/com.st.stm32cube.ide.mcu.externaltools.gnu-tools-for-stm32.9-2020-q2-update.win32_2.0.0.202105311346/tools/bin/../lib/gcc/arm-none-eabi/9.3.1/../../../../arm-none-eabi/lib/thumb/v7e-m+fp/hard\libc_nano.a(lib_a-sprintf.o)
                0x00000000080080cc                siprintf
                0x00000000080080cc                sprintf
 .text.__ssputs_r
                0x000000000800810c       0xb6 d:/semester 241/embedded system/stm32 application/stm32cubeide_1.7.0/stm32cubeide/plugins/com.st.stm32cube.ide.mcu.externaltools.gnu-tools-for-stm32.9-2020-q2-update.win32_2.0.0.202105311346/tools/bin/../lib/gcc/arm-none-eabi/9.3.1/../../../../arm-none-eabi/lib/thumb/v7e-m+fp/hard\libc_nano.a(lib_a-nano-svfprintf.o)
                0x000000000800810c                __ssputs_r
 *fill*         0x00000000080081c2        0x2 
 .text._svfprintf_r
                0x00000000080081c4      0x200 d:/semester 241/embedded system/stm32 application/stm32cubeide_1.7.0/stm32cubeide/plugins/com.st.stm32cube.ide.mcu.externaltools.gnu-tools-for-stm32.9-2020-q2-update.win32_2.0.0.202105311346/tools/bin/../lib/gcc/arm-none-eabi/9.3.1/../../../../arm-none-eabi/lib/thumb/v7e-m+fp/hard\libc_nano.a(lib_a-nano-svfprintf.o)
                0x00000000080081c4                _svfiprintf_r
                0x00000000080081c4                _svfprintf_r
 .text._printf_common
                0x00000000080083c4       0xda d:/semester 241/embedded system/stm32 application/stm32cubeide_1.7.0/stm32cubeide/plugins/com.st.stm32cube.ide.mcu.externaltools.gnu-tools-for-stm32.9-2020-q2-update.win32_2.0.0.202105311346/tools/bin/../lib/gcc/arm-none-eabi/9.3.1/../../../../arm-none-eabi/lib/thumb/v7e-m+fp/hard\libc_nano.a(lib_a-nano-vfprintf_i.o)
                0x00000000080083c4                _printf_common
 *fill*         0x000000000800849e        0x2 
 .text._printf_i
                0x00000000080084a0      0x24c d:/semester 241/embedded system/stm32 application/stm32cubeide_1.7.0/stm32cubeide/plugins/com.st.stm32cube.ide.mcu.externaltools.gnu-tools-for-stm32.9-2020-q2-update.win32_2.0.0.202105311346/tools/bin/../lib/gcc/arm-none-eabi/9.3.1/../../../../arm-none-eabi/lib/thumb/v7e-m+fp/hard\libc_nano.a(lib_a-nano-vfprintf_i.o)
                0x00000000080084a0                _printf_i
 .text.memcpy   0x00000000080086ec       0x1c d:/semester 241/embedded system/stm32 application/stm32cubeide_1.7.0/stm32cubeide/plugins/com.st.stm32cube.ide.mcu.externaltools.gnu-tools-for-stm32.9-2020-q2-update.win32_2.0.0.202105311346/tools/bin/../lib/gcc/arm-none-eabi/9.3.1/../../../../arm-none-eabi/lib/thumb/v7e-m+fp/hard\libc_nano.a(lib_a-memcpy-stub.o)
                0x00000000080086ec                memcpy
 .text.memmove  0x0000000008008708       0x34 d:/semester 241/embedded system/stm32 application/stm32cubeide_1.7.0/stm32cubeide/plugins/com.st.stm32cube.ide.mcu.externaltools.gnu-tools-for-stm32.9-2020-q2-update.win32_2.0.0.202105311346/tools/bin/../lib/gcc/arm-none-eabi/9.3.1/../../../../arm-none-eabi/lib/thumb/v7e-m+fp/hard\libc_nano.a(lib_a-memmove.o)
                0x0000000008008708                memmove
 .text._free_r  0x000000000800873c       0xa0 d:/semester 241/embedded system/stm32 application/stm32cubeide_1.7.0/stm32cubeide/plugins/com.st.stm32cube.ide.mcu.externaltools.gnu-tools-for-stm32.9-2020-q2-update.win32_2.0.0.202105311346/tools/bin/../lib/gcc/arm-none-eabi/9.3.1/../../../../arm-none-eabi/lib/thumb/v7e-m+fp/hard\libc_nano.a(lib_a-nano-freer.o)
                0x000000000800873c                _free_r
 .text._malloc_r
                0x00000000080087dc       0xb4 d:/semester 241/embedded system/stm32 application/stm32cubeide_1.7.0/stm32cubeide/plugins/com.st.stm32cube.ide.mcu.externaltools.gnu-tools-for-stm32.9-2020-q2-update.win32_2.0.0.202105311346/tools/bin/../lib/gcc/arm-none-eabi/9.3.1/../../../../arm-none-eabi/lib/thumb/v7e-m+fp/hard\libc_nano.a(lib_a-nano-mallocr.o)
                0x00000000080087dc                _malloc_r
 .text._realloc_r
                0x0000000008008890       0x4c d:/semester 241/embedded system/stm32 application/stm32cubeide_1.7.0/stm32cubeide/plugins/com.st.stm32cube.ide.mcu.externaltools.gnu-tools-for-stm32.9-2020-q2-update.win32_2.0.0.202105311346/tools/bin/../lib/gcc/arm-none-eabi/9.3.1/../../../../arm-none-eabi/lib/thumb/v7e-m+fp/hard\libc_nano.a(lib_a-nano-reallocr.o)
                0x0000000008008890                _realloc_r
 .text._sbrk_r  0x00000000080088dc       0x20 d:/semester 241/embedded system/stm32 application/stm32cubeide_1.7.0/stm32cubeide/plugins/com.st.stm32cube.ide.mcu.externaltools.gnu-tools-for-stm32.9-2020-q2-update.win32_2.0.0.202105311346/tools/bin/../lib/gcc/arm-none-eabi/9.3.1/../../../../arm-none-eabi/lib/thumb/v7e-m+fp/hard\libc_nano.a(lib_a-sbrkr.o)
                0x00000000080088dc                _sbrk_r
 .text.__malloc_lock
                0x00000000080088fc        0xc d:/semester 241/embedded system/stm32 application/stm32cubeide_1.7.0/stm32cubeide/plugins/com.st.stm32cube.ide.mcu.externaltools.gnu-tools-for-stm32.9-2020-q2-update.win32_2.0.0.202105311346/tools/bin/../lib/gcc/arm-none-eabi/9.3.1/../../../../arm-none-eabi/lib/thumb/v7e-m+fp/hard\libc_nano.a(lib_a-mlock.o)
                0x00000000080088fc                __malloc_lock
 .text.__malloc_unlock
                0x0000000008008908        0xc d:/semester 241/embedded system/stm32 application/stm32cubeide_1.7.0/stm32cubeide/plugins/com.st.stm32cube.ide.mcu.externaltools.gnu-tools-for-stm32.9-2020-q2-update.win32_2.0.0.202105311346/tools/bin/../lib/gcc/arm-none-eabi/9.3.1/../../../../arm-none-eabi/lib/thumb/v7e-m+fp/hard\libc_nano.a(lib_a-mlock.o)
                0x0000000008008908                __malloc_unlock
 .text._malloc_usable_size_r
                0x0000000008008914       0x10 d:/semester 241/embedded system/stm32 application/stm32cubeide_1.7.0/stm32cubeide/plugins/com.st.stm32cube.ide.mcu.externaltools.gnu-tools-for-stm32.9-2020-q2-update.win32_2.0.0.202105311346/tools/bin/../lib/gcc/arm-none-eabi/9.3.1/../../../../arm-none-eabi/lib/thumb/v7e-m+fp/hard\libc_nano.a(lib_a-nano-msizer.o)
                0x0000000008008914                _malloc_usable_size_r
 .text.__retarget_lock_acquire_recursive
                0x0000000008008924        0x2 d:/semester 241/embedded system/stm32 application/stm32cubeide_1.7.0/stm32cubeide/plugins/com.st.stm32cube.ide.mcu.externaltools.gnu-tools-for-stm32.9-2020-q2-update.win32_2.0.0.202105311346/tools/bin/../lib/gcc/arm-none-eabi/9.3.1/../../../../arm-none-eabi/lib/thumb/v7e-m+fp/hard\libc_nano.a(lib_a-lock.o)
                0x0000000008008924                __retarget_lock_acquire_recursive
 .text.__retarget_lock_release_recursive
                0x0000000008008926        0x2 d:/semester 241/embedded system/stm32 application/stm32cubeide_1.7.0/stm32cubeide/plugins/com.st.stm32cube.ide.mcu.externaltools.gnu-tools-for-stm32.9-2020-q2-update.win32_2.0.0.202105311346/tools/bin/../lib/gcc/arm-none-eabi/9.3.1/../../../../arm-none-eabi/lib/thumb/v7e-m+fp/hard\libc_nano.a(lib_a-lock.o)
                0x0000000008008926                __retarget_lock_release_recursive
 *(.glue_7)
 .glue_7        0x0000000008008928        0x0 linker stubs
 *(.glue_7t)
 .glue_7t       0x0000000008008928        0x0 linker stubs
 *(.eh_frame)
 .eh_frame      0x0000000008008928        0x0 d:/semester 241/embedded system/stm32 application/stm32cubeide_1.7.0/stm32cubeide/plugins/com.st.stm32cube.ide.mcu.externaltools.gnu-tools-for-stm32.9-2020-q2-update.win32_2.0.0.202105311346/tools/bin/../lib/gcc/arm-none-eabi/9.3.1/thumb/v7e-m+fp/hard/crtbegin.o
 *(.init)
 .init          0x0000000008008928        0x4 d:/semester 241/embedded system/stm32 application/stm32cubeide_1.7.0/stm32cubeide/plugins/com.st.stm32cube.ide.mcu.externaltools.gnu-tools-for-stm32.9-2020-q2-update.win32_2.0.0.202105311346/tools/bin/../lib/gcc/arm-none-eabi/9.3.1/thumb/v7e-m+fp/hard/crti.o
                0x0000000008008928                _init
 .init          0x000000000800892c        0x8 d:/semester 241/embedded system/stm32 application/stm32cubeide_1.7.0/stm32cubeide/plugins/com.st.stm32cube.ide.mcu.externaltools.gnu-tools-for-stm32.9-2020-q2-update.win32_2.0.0.202105311346/tools/bin/../lib/gcc/arm-none-eabi/9.3.1/thumb/v7e-m+fp/hard/crtn.o
 *(.fini)
 .fini          0x0000000008008934        0x4 d:/semester 241/embedded system/stm32 application/stm32cubeide_1.7.0/stm32cubeide/plugins/com.st.stm32cube.ide.mcu.externaltools.gnu-tools-for-stm32.9-2020-q2-update.win32_2.0.0.202105311346/tools/bin/../lib/gcc/arm-none-eabi/9.3.1/thumb/v7e-m+fp/hard/crti.o
                0x0000000008008934                _fini
 .fini          0x0000000008008938        0x8 d:/semester 241/embedded system/stm32 application/stm32cubeide_1.7.0/stm32cubeide/plugins/com.st.stm32cube.ide.mcu.externaltools.gnu-tools-for-stm32.9-2020-q2-update.win32_2.0.0.202105311346/tools/bin/../lib/gcc/arm-none-eabi/9.3.1/thumb/v7e-m+fp/hard/crtn.o
                0x0000000008008940                . = ALIGN (0x4)
                0x0000000008008940                _etext = .

.vfp11_veneer   0x0000000008008940        0x0
 .vfp11_veneer  0x0000000008008940        0x0 linker stubs

.v4_bx          0x0000000008008940        0x0
 .v4_bx         0x0000000008008940        0x0 linker stubs

.iplt           0x0000000008008940        0x0
 .iplt          0x0000000008008940        0x0 d:/semester 241/embedded system/stm32 application/stm32cubeide_1.7.0/stm32cubeide/plugins/com.st.stm32cube.ide.mcu.externaltools.gnu-tools-for-stm32.9-2020-q2-update.win32_2.0.0.202105311346/tools/bin/../lib/gcc/arm-none-eabi/9.3.1/thumb/v7e-m+fp/hard/crtbegin.o

.rodata         0x0000000008008940     0x3258
                0x0000000008008940                . = ALIGN (0x4)
 *(.rodata)
 .rodata        0x0000000008008940       0x1b ./Core/Src/main.o
 *fill*         0x000000000800895b        0x1 
 .rodata        0x000000000800895c      0x12c ./Core/Src/main_fsm.o
 .rodata        0x0000000008008a88       0x12 ./Core/Src/uart.o
 *fill*         0x0000000008008a9a        0x2 
 .rodata        0x0000000008008a9c      0x130 ./Core/Src/uart_util.o
 *(.rodata*)
 .rodata.ascii_1608
                0x0000000008008bcc      0x5f0 ./Core/Src/lcd.o
                0x0000000008008bcc                ascii_1608
 .rodata.ascii_2412
                0x00000000080091bc     0x11d0 ./Core/Src/lcd.o
                0x00000000080091bc                ascii_2412
 .rodata.ascii_3216
                0x000000000800a38c     0x17c0 ./Core/Src/lcd.o
                0x000000000800a38c                ascii_3216
 .rodata.AHBPrescTable
                0x000000000800bb4c       0x10 ./Core/Src/system_stm32f4xx.o
                0x000000000800bb4c                AHBPrescTable
 .rodata.APBPrescTable
                0x000000000800bb5c        0x8 ./Core/Src/system_stm32f4xx.o
                0x000000000800bb5c                APBPrescTable
 .rodata._svfprintf_r.str1.1
                0x000000000800bb64       0x11 d:/semester 241/embedded system/stm32 application/stm32cubeide_1.7.0/stm32cubeide/plugins/com.st.stm32cube.ide.mcu.externaltools.gnu-tools-for-stm32.9-2020-q2-update.win32_2.0.0.202105311346/tools/bin/../lib/gcc/arm-none-eabi/9.3.1/../../../../arm-none-eabi/lib/thumb/v7e-m+fp/hard\libc_nano.a(lib_a-nano-svfprintf.o)
 .rodata._printf_i.str1.1
                0x000000000800bb75       0x22 d:/semester 241/embedded system/stm32 application/stm32cubeide_1.7.0/stm32cubeide/plugins/com.st.stm32cube.ide.mcu.externaltools.gnu-tools-for-stm32.9-2020-q2-update.win32_2.0.0.202105311346/tools/bin/../lib/gcc/arm-none-eabi/9.3.1/../../../../arm-none-eabi/lib/thumb/v7e-m+fp/hard\libc_nano.a(lib_a-nano-vfprintf_i.o)
                0x000000000800bb98                . = ALIGN (0x4)
 *fill*         0x000000000800bb97        0x1 

.ARM.extab      0x000000000800bb98        0x0
                0x000000000800bb98                . = ALIGN (0x4)
 *(.ARM.extab* .gnu.linkonce.armextab.*)
                0x000000000800bb98                . = ALIGN (0x4)

.ARM            0x000000000800bb98        0x8
                0x000000000800bb98                . = ALIGN (0x4)
                0x000000000800bb98                __exidx_start = .
 *(.ARM.exidx*)
 .ARM.exidx     0x000000000800bb98        0x8 d:/semester 241/embedded system/stm32 application/stm32cubeide_1.7.0/stm32cubeide/plugins/com.st.stm32cube.ide.mcu.externaltools.gnu-tools-for-stm32.9-2020-q2-update.win32_2.0.0.202105311346/tools/bin/../lib/gcc/arm-none-eabi/9.3.1/thumb/v7e-m+fp/hard\libgcc.a(_udivmoddi4.o)
                0x000000000800bba0                __exidx_end = .
                0x000000000800bba0                . = ALIGN (0x4)

.rel.dyn        0x000000000800bba0        0x0
 .rel.iplt      0x000000000800bba0        0x0 d:/semester 241/embedded system/stm32 application/stm32cubeide_1.7.0/stm32cubeide/plugins/com.st.stm32cube.ide.mcu.externaltools.gnu-tools-for-stm32.9-2020-q2-update.win32_2.0.0.202105311346/tools/bin/../lib/gcc/arm-none-eabi/9.3.1/thumb/v7e-m+fp/hard/crtbegin.o

.preinit_array  0x000000000800bba0        0x0
                0x000000000800bba0                . = ALIGN (0x4)
                0x000000000800bba0                PROVIDE (__preinit_array_start = .)
 *(.preinit_array*)
                0x000000000800bba0                PROVIDE (__preinit_array_end = .)
                0x000000000800bba0                . = ALIGN (0x4)

.init_array     0x000000000800bba0        0x4
                0x000000000800bba0                . = ALIGN (0x4)
                0x000000000800bba0                PROVIDE (__init_array_start = .)
 *(SORT_BY_NAME(.init_array.*))
 *(.init_array*)
 .init_array    0x000000000800bba0        0x4 d:/semester 241/embedded system/stm32 application/stm32cubeide_1.7.0/stm32cubeide/plugins/com.st.stm32cube.ide.mcu.externaltools.gnu-tools-for-stm32.9-2020-q2-update.win32_2.0.0.202105311346/tools/bin/../lib/gcc/arm-none-eabi/9.3.1/thumb/v7e-m+fp/hard/crtbegin.o
                0x000000000800bba4                PROVIDE (__init_array_end = .)
                0x000000000800bba4                . = ALIGN (0x4)

.fini_array     0x000000000800bba4        0x4
                0x000000000800bba4                . = ALIGN (0x4)
                [!provide]                        PROVIDE (__fini_array_start = .)
 *(SORT_BY_NAME(.fini_array.*))
 *(.fini_array*)
 .fini_array    0x000000000800bba4        0x4 d:/semester 241/embedded system/stm32 application/stm32cubeide_1.7.0/stm32cubeide/plugins/com.st.stm32cube.ide.mcu.externaltools.gnu-tools-for-stm32.9-2020-q2-update.win32_2.0.0.202105311346/tools/bin/../lib/gcc/arm-none-eabi/9.3.1/thumb/v7e-m+fp/hard/crtbegin.o
                [!provide]                        PROVIDE (__fini_array_end = .)
                0x000000000800bba8                . = ALIGN (0x4)
                0x000000000800bba8                _sidata = LOADADDR (.data)

.data           0x0000000020000000       0x70 load address 0x000000000800bba8
                0x0000000020000000                . = ALIGN (0x4)
                0x0000000020000000                _sdata = .
 *(.data)
 *(.data*)
 .data.SystemCoreClock
                0x0000000020000000        0x4 ./Core/Src/system_stm32f4xx.o
                0x0000000020000000                SystemCoreClock
 .data.uwTickPrio
                0x0000000020000004        0x4 ./Drivers/STM32F4xx_HAL_Driver/Src/stm32f4xx_hal.o
                0x0000000020000004                uwTickPrio
 .data.uwTickFreq
                0x0000000020000008        0x1 ./Drivers/STM32F4xx_HAL_Driver/Src/stm32f4xx_hal.o
                0x0000000020000008                uwTickFreq
 *fill*         0x0000000020000009        0x3 
 .data._impure_ptr
                0x000000002000000c        0x4 d:/semester 241/embedded system/stm32 application/stm32cubeide_1.7.0/stm32cubeide/plugins/com.st.stm32cube.ide.mcu.externaltools.gnu-tools-for-stm32.9-2020-q2-update.win32_2.0.0.202105311346/tools/bin/../lib/gcc/arm-none-eabi/9.3.1/../../../../arm-none-eabi/lib/thumb/v7e-m+fp/hard\libc_nano.a(lib_a-impure.o)
                0x000000002000000c                _impure_ptr
 .data.impure_data
                0x0000000020000010       0x60 d:/semester 241/embedded system/stm32 application/stm32cubeide_1.7.0/stm32cubeide/plugins/com.st.stm32cube.ide.mcu.externaltools.gnu-tools-for-stm32.9-2020-q2-update.win32_2.0.0.202105311346/tools/bin/../lib/gcc/arm-none-eabi/9.3.1/../../../../arm-none-eabi/lib/thumb/v7e-m+fp/hard\libc_nano.a(lib_a-impure.o)
 *(.RamFunc)
 *(.RamFunc*)
                0x0000000020000070                . = ALIGN (0x4)
                0x0000000020000070                _edata = .
                0x000000000800bc18                _siccmram = LOADADDR (.ccmram)

.igot.plt       0x0000000020000070        0x0 load address 0x000000000800bc18
 .igot.plt      0x0000000020000070        0x0 d:/semester 241/embedded system/stm32 application/stm32cubeide_1.7.0/stm32cubeide/plugins/com.st.stm32cube.ide.mcu.externaltools.gnu-tools-for-stm32.9-2020-q2-update.win32_2.0.0.202105311346/tools/bin/../lib/gcc/arm-none-eabi/9.3.1/thumb/v7e-m+fp/hard/crtbegin.o

.ccmram         0x0000000010000000        0x0 load address 0x000000000800bc18
                0x0000000010000000                . = ALIGN (0x4)
                0x0000000010000000                _sccmram = .
 *(.ccmram)
 *(.ccmram*)
                0x0000000010000000                . = ALIGN (0x4)
                0x0000000010000000                _eccmram = .
                0x0000000010000000                . = ALIGN (0x4)

.bss            0x0000000020000070      0x44c
                0x0000000020000070                _sbss = .
                0x0000000020000070                __bss_start__ = _sbss
 *(.bss)
 .bss           0x0000000020000070       0x1c d:/semester 241/embedded system/stm32 application/stm32cubeide_1.7.0/stm32cubeide/plugins/com.st.stm32cube.ide.mcu.externaltools.gnu-tools-for-stm32.9-2020-q2-update.win32_2.0.0.202105311346/tools/bin/../lib/gcc/arm-none-eabi/9.3.1/thumb/v7e-m+fp/hard/crtbegin.o
 *(.bss*)
 .bss.toggle_al
                0x000000002000008c        0x4 ./Core/Src/al_fsm.o
                0x000000002000008c                toggle_al
 .bss.spi_button
                0x0000000020000090        0x2 ./Core/Src/button.o
                0x0000000020000090                spi_button
 *fill*         0x0000000020000092        0x2 
 .bss.FSMC_Initialized
                0x0000000020000094        0x4 ./Core/Src/fsmc.o
 .bss.flag_timer
                0x0000000020000098        0xa ./Core/Src/software_timer.o
                0x0000000020000098                flag_timer
 *fill*         0x00000000200000a2        0x2 
 .bss.timer_counter
                0x00000000200000a4        0xa ./Core/Src/software_timer.o
                0x00000000200000a4                timer_counter
 *fill*         0x00000000200000ae        0x2 
 .bss.timer_MUL
                0x00000000200000b0        0xa ./Core/Src/software_timer.o
                0x00000000200000b0                timer_MUL
 *fill*         0x00000000200000ba        0x2 
 .bss.__sbrk_heap_end
                0x00000000200000bc        0x4 ./Core/Src/sysmem.o
 .bss.receive_buffer1
                0x00000000200000c0        0x1 ./Core/Src/uart.o
                0x00000000200000c0                receive_buffer1
 *fill*         0x00000000200000c1        0x3 
 .bss.buffer_head
                0x00000000200000c4        0x4 ./Core/Src/uart_util.o
                0x00000000200000c4                buffer_head
 .bss.buffer_tail
                0x00000000200000c8        0x4 ./Core/Src/uart_util.o
                0x00000000200000c8                buffer_tail
 .bss.uart_data_ready
                0x00000000200000cc        0x1 ./Core/Src/uart_util.o
                0x00000000200000cc                uart_data_ready
 *fill*         0x00000000200000cd        0x3 
 .bss.__malloc_free_list
                0x00000000200000d0        0x4 d:/semester 241/embedded system/stm32 application/stm32cubeide_1.7.0/stm32cubeide/plugins/com.st.stm32cube.ide.mcu.externaltools.gnu-tools-for-stm32.9-2020-q2-update.win32_2.0.0.202105311346/tools/bin/../lib/gcc/arm-none-eabi/9.3.1/../../../../arm-none-eabi/lib/thumb/v7e-m+fp/hard\libc_nano.a(lib_a-nano-mallocr.o)
                0x00000000200000d0                __malloc_free_list
 .bss.__malloc_sbrk_start
                0x00000000200000d4        0x4 d:/semester 241/embedded system/stm32 application/stm32cubeide_1.7.0/stm32cubeide/plugins/com.st.stm32cube.ide.mcu.externaltools.gnu-tools-for-stm32.9-2020-q2-update.win32_2.0.0.202105311346/tools/bin/../lib/gcc/arm-none-eabi/9.3.1/../../../../arm-none-eabi/lib/thumb/v7e-m+fp/hard\libc_nano.a(lib_a-nano-mallocr.o)
                0x00000000200000d4                __malloc_sbrk_start
 *(COMMON)
 COMMON         0x00000000200000d8       0x20 ./Core/Src/button.o
                0x00000000200000d8                button_count
 COMMON         0x00000000200000f8        0xf ./Core/Src/ds3231.o
                0x00000000200000f8                ds3231_sec
                0x00000000200000f9                ds3231_year
                0x00000000200000fa                ds3231_min
                0x00000000200000fb                ds3231_date
                0x00000000200000fc                ds3231_day
                0x00000000200000fd                ds3231_hours
                0x00000000200000fe                ds3231_month
                0x0000000020000100                ds3231_buffer
 *fill*         0x0000000020000107        0x1 
 COMMON         0x0000000020000108       0x50 ./Core/Src/fsmc.o
                0x0000000020000108                hsram1
 COMMON         0x0000000020000158       0x78 ./Core/Src/global.o
                0x0000000020000158                second_temp
                0x000000002000015c                year_temp
                0x0000000020000160                month_temp
                0x0000000020000164                month
                0x000000002000016c                second
                0x0000000020000174                minute
                0x000000002000017c                alarm_on
                0x0000000020000180                hour
                0x0000000020000188                day_temp
                0x000000002000018c                count_at
                0x0000000020000190                hour_temp
                0x0000000020000194                year
                0x000000002000019c                minute_temp
                0x00000000200001a0                day
                0x00000000200001a8                date_temp
                0x00000000200001ac                toggle_at
                0x00000000200001b0                date
                0x00000000200001b8                flag_alarm
                0x00000000200001bc                count_al
                0x00000000200001c0                error_uart
                0x00000000200001c4                status
 COMMON         0x00000000200001d0       0x54 ./Core/Src/i2c.o
                0x00000000200001d0                hi2c1
 COMMON         0x0000000020000224       0x3a ./Core/Src/lcd.o
                0x0000000020000224                lcddev
                0x000000002000022c                s
 *fill*         0x000000002000025e        0x2 
 COMMON         0x0000000020000260       0x58 ./Core/Src/spi.o
                0x0000000020000260                hspi1
 COMMON         0x00000000200002b8       0x48 ./Core/Src/tim.o
                0x00000000200002b8                htim2
 COMMON         0x0000000020000300       0x64 ./Core/Src/uart.o
                0x0000000020000300                msg
 COMMON         0x0000000020000364      0x100 ./Core/Src/uart_util.o
                0x0000000020000364                ring_buffer
 COMMON         0x0000000020000464       0x44 ./Core/Src/usart.o
                0x0000000020000464                huart1
 COMMON         0x00000000200004a8        0x4 ./Drivers/STM32F4xx_HAL_Driver/Src/stm32f4xx_hal.o
                0x00000000200004a8                uwTick
 COMMON         0x00000000200004ac        0x4 d:/semester 241/embedded system/stm32 application/stm32cubeide_1.7.0/stm32cubeide/plugins/com.st.stm32cube.ide.mcu.externaltools.gnu-tools-for-stm32.9-2020-q2-update.win32_2.0.0.202105311346/tools/bin/../lib/gcc/arm-none-eabi/9.3.1/../../../../arm-none-eabi/lib/thumb/v7e-m+fp/hard\libc_nano.a(lib_a-reent.o)
                0x00000000200004ac                errno
 COMMON         0x00000000200004b0        0x9 d:/semester 241/embedded system/stm32 application/stm32cubeide_1.7.0/stm32cubeide/plugins/com.st.stm32cube.ide.mcu.externaltools.gnu-tools-for-stm32.9-2020-q2-update.win32_2.0.0.202105311346/tools/bin/../lib/gcc/arm-none-eabi/9.3.1/../../../../arm-none-eabi/lib/thumb/v7e-m+fp/hard\libc_nano.a(lib_a-lock.o)
                0x00000000200004b0                __lock___atexit_recursive_mutex
                0x00000000200004b1                __lock___arc4random_mutex
                0x00000000200004b2                __lock___env_recursive_mutex
                0x00000000200004b3                __lock___sinit_recursive_mutex
                0x00000000200004b4                __lock___malloc_recursive_mutex
                0x00000000200004b5                __lock___at_quick_exit_mutex
                0x00000000200004b6                __lock___dd_hash_mutex
                0x00000000200004b7                __lock___tz_mutex
                0x00000000200004b8                __lock___sfp_recursive_mutex
                0x00000000200004bc                . = ALIGN (0x4)
 *fill*         0x00000000200004b9        0x3 
                0x00000000200004bc                _ebss = .
                0x00000000200004bc                __bss_end__ = _ebss

._user_heap_stack
                0x00000000200004bc      0x604
                0x00000000200004c0                . = ALIGN (0x8)
 *fill*         0x00000000200004bc        0x4 
                [!provide]                        PROVIDE (end = .)
                0x00000000200004c0                PROVIDE (_end = .)
                0x00000000200006c0                . = (. + _Min_Heap_Size)
 *fill*         0x00000000200004c0      0x200 
                0x0000000020000ac0                . = (. + _Min_Stack_Size)
 *fill*         0x00000000200006c0      0x400 
                0x0000000020000ac0                . = ALIGN (0x8)

/DISCARD/
 libc.a(*)
 libm.a(*)
 libgcc.a(*)

.ARM.attributes
                0x0000000000000000       0x30
 *(.ARM.attributes)
 .ARM.attributes
                0x0000000000000000       0x1e d:/semester 241/embedded system/stm32 application/stm32cubeide_1.7.0/stm32cubeide/plugins/com.st.stm32cube.ide.mcu.externaltools.gnu-tools-for-stm32.9-2020-q2-update.win32_2.0.0.202105311346/tools/bin/../lib/gcc/arm-none-eabi/9.3.1/thumb/v7e-m+fp/hard/crti.o
 .ARM.attributes
                0x000000000000001e       0x34 d:/semester 241/embedded system/stm32 application/stm32cubeide_1.7.0/stm32cubeide/plugins/com.st.stm32cube.ide.mcu.externaltools.gnu-tools-for-stm32.9-2020-q2-update.win32_2.0.0.202105311346/tools/bin/../lib/gcc/arm-none-eabi/9.3.1/thumb/v7e-m+fp/hard/crtbegin.o
 .ARM.attributes
                0x0000000000000052       0x34 ./Core/Src/al_fsm.o
 .ARM.attributes
                0x0000000000000086       0x34 ./Core/Src/button.o
 .ARM.attributes
                0x00000000000000ba       0x34 ./Core/Src/ds3231.o
 .ARM.attributes
                0x00000000000000ee       0x34 ./Core/Src/fsmc.o
 .ARM.attributes
                0x0000000000000122       0x39 ./Core/Src/global.o
 .ARM.attributes
                0x000000000000015b       0x34 ./Core/Src/gpio.o
 .ARM.attributes
                0x000000000000018f       0x34 ./Core/Src/i2c.o
 .ARM.attributes
                0x00000000000001c3       0x34 ./Core/Src/lcd.o
 .ARM.attributes
                0x00000000000001f7       0x34 ./Core/Src/main.o
 .ARM.attributes
                0x000000000000022b       0x34 ./Core/Src/main_fsm.o
 .ARM.attributes
                0x000000000000025f       0x34 ./Core/Src/software_timer.o
 .ARM.attributes
                0x0000000000000293       0x34 ./Core/Src/spi.o
 .ARM.attributes
                0x00000000000002c7       0x34 ./Core/Src/stm32f4xx_hal_msp.o
 .ARM.attributes
                0x00000000000002fb       0x34 ./Core/Src/stm32f4xx_it.o
 .ARM.attributes
                0x000000000000032f       0x34 ./Core/Src/sysmem.o
 .ARM.attributes
                0x0000000000000363       0x34 ./Core/Src/system_stm32f4xx.o
 .ARM.attributes
                0x0000000000000397       0x34 ./Core/Src/tim.o
 .ARM.attributes
                0x00000000000003cb       0x34 ./Core/Src/uart.o
 .ARM.attributes
                0x00000000000003ff       0x34 ./Core/Src/uart_util.o
 .ARM.attributes
                0x0000000000000433       0x34 ./Core/Src/usart.o
 .ARM.attributes
                0x0000000000000467       0x34 ./Core/Src/utils.o
 .ARM.attributes
                0x000000000000049b       0x21 ./Core/Startup/startup_stm32f407zgtx.o
 .ARM.attributes
                0x00000000000004bc       0x34 ./Drivers/STM32F4xx_HAL_Driver/Src/stm32f4xx_hal.o
 .ARM.attributes
                0x00000000000004f0       0x34 ./Drivers/STM32F4xx_HAL_Driver/Src/stm32f4xx_hal_cortex.o
 .ARM.attributes
                0x0000000000000524       0x34 ./Drivers/STM32F4xx_HAL_Driver/Src/stm32f4xx_hal_dma.o
 .ARM.attributes
                0x0000000000000558       0x34 ./Drivers/STM32F4xx_HAL_Driver/Src/stm32f4xx_hal_gpio.o
 .ARM.attributes
                0x000000000000058c       0x34 ./Drivers/STM32F4xx_HAL_Driver/Src/stm32f4xx_hal_i2c.o
 .ARM.attributes
                0x00000000000005c0       0x34 ./Drivers/STM32F4xx_HAL_Driver/Src/stm32f4xx_hal_rcc.o
 .ARM.attributes
                0x00000000000005f4       0x34 ./Drivers/STM32F4xx_HAL_Driver/Src/stm32f4xx_hal_spi.o
 .ARM.attributes
                0x0000000000000628       0x34 ./Drivers/STM32F4xx_HAL_Driver/Src/stm32f4xx_hal_sram.o
 .ARM.attributes
                0x000000000000065c       0x34 ./Drivers/STM32F4xx_HAL_Driver/Src/stm32f4xx_hal_tim.o
 .ARM.attributes
                0x0000000000000690       0x34 ./Drivers/STM32F4xx_HAL_Driver/Src/stm32f4xx_hal_tim_ex.o
 .ARM.attributes
                0x00000000000006c4       0x34 ./Drivers/STM32F4xx_HAL_Driver/Src/stm32f4xx_hal_uart.o
 .ARM.attributes
                0x00000000000006f8       0x34 ./Drivers/STM32F4xx_HAL_Driver/Src/stm32f4xx_ll_fsmc.o
 .ARM.attributes
                0x000000000000072c       0x34 d:/semester 241/embedded system/stm32 application/stm32cubeide_1.7.0/stm32cubeide/plugins/com.st.stm32cube.ide.mcu.externaltools.gnu-tools-for-stm32.9-2020-q2-update.win32_2.0.0.202105311346/tools/bin/../lib/gcc/arm-none-eabi/9.3.1/../../../../arm-none-eabi/lib/thumb/v7e-m+fp/hard\libc_nano.a(lib_a-errno.o)
 .ARM.attributes
                0x0000000000000760       0x32 d:/semester 241/embedded system/stm32 application/stm32cubeide_1.7.0/stm32cubeide/plugins/com.st.stm32cube.ide.mcu.externaltools.gnu-tools-for-stm32.9-2020-q2-update.win32_2.0.0.202105311346/tools/bin/../lib/gcc/arm-none-eabi/9.3.1/../../../../arm-none-eabi/lib/thumb/v7e-m+fp/hard\libc_nano.a(lib_a-impure.o)
 .ARM.attributes
                0x0000000000000792       0x34 d:/semester 241/embedded system/stm32 application/stm32cubeide_1.7.0/stm32cubeide/plugins/com.st.stm32cube.ide.mcu.externaltools.gnu-tools-for-stm32.9-2020-q2-update.win32_2.0.0.202105311346/tools/bin/../lib/gcc/arm-none-eabi/9.3.1/../../../../arm-none-eabi/lib/thumb/v7e-m+fp/hard\libc_nano.a(lib_a-init.o)
 .ARM.attributes
                0x00000000000007c6       0x34 d:/semester 241/embedded system/stm32 application/stm32cubeide_1.7.0/stm32cubeide/plugins/com.st.stm32cube.ide.mcu.externaltools.gnu-tools-for-stm32.9-2020-q2-update.win32_2.0.0.202105311346/tools/bin/../lib/gcc/arm-none-eabi/9.3.1/../../../../arm-none-eabi/lib/thumb/v7e-m+fp/hard\libc_nano.a(lib_a-memset.o)
 .ARM.attributes
                0x00000000000007fa       0x34 d:/semester 241/embedded system/stm32 application/stm32cubeide_1.7.0/stm32cubeide/plugins/com.st.stm32cube.ide.mcu.externaltools.gnu-tools-for-stm32.9-2020-q2-update.win32_2.0.0.202105311346/tools/bin/../lib/gcc/arm-none-eabi/9.3.1/../../../../arm-none-eabi/lib/thumb/v7e-m+fp/hard\libc_nano.a(lib_a-sprintf.o)
 .ARM.attributes
                0x000000000000082e       0x34 d:/semester 241/embedded system/stm32 application/stm32cubeide_1.7.0/stm32cubeide/plugins/com.st.stm32cube.ide.mcu.externaltools.gnu-tools-for-stm32.9-2020-q2-update.win32_2.0.0.202105311346/tools/bin/../lib/gcc/arm-none-eabi/9.3.1/../../../../arm-none-eabi/lib/thumb/v7e-m+fp/hard\libc_nano.a(lib_a-nano-svfprintf.o)
 .ARM.attributes
                0x0000000000000862       0x34 d:/semester 241/embedded system/stm32 application/stm32cubeide_1.7.0/stm32cubeide/plugins/com.st.stm32cube.ide.mcu.externaltools.gnu-tools-for-stm32.9-2020-q2-update.win32_2.0.0.202105311346/tools/bin/../lib/gcc/arm-none-eabi/9.3.1/../../../../arm-none-eabi/lib/thumb/v7e-m+fp/hard\libc_nano.a(lib_a-nano-vfprintf_i.o)
 .ARM.attributes
                0x0000000000000896       0x1c d:/semester 241/embedded system/stm32 application/stm32cubeide_1.7.0/stm32cubeide/plugins/com.st.stm32cube.ide.mcu.externaltools.gnu-tools-for-stm32.9-2020-q2-update.win32_2.0.0.202105311346/tools/bin/../lib/gcc/arm-none-eabi/9.3.1/../../../../arm-none-eabi/lib/thumb/v7e-m+fp/hard\libc_nano.a(lib_a-memchr.o)
 .ARM.attributes
                0x00000000000008b2       0x34 d:/semester 241/embedded system/stm32 application/stm32cubeide_1.7.0/stm32cubeide/plugins/com.st.stm32cube.ide.mcu.externaltools.gnu-tools-for-stm32.9-2020-q2-update.win32_2.0.0.202105311346/tools/bin/../lib/gcc/arm-none-eabi/9.3.1/../../../../arm-none-eabi/lib/thumb/v7e-m+fp/hard\libc_nano.a(lib_a-memcpy-stub.o)
 .ARM.attributes
                0x00000000000008e6       0x34 d:/semester 241/embedded system/stm32 application/stm32cubeide_1.7.0/stm32cubeide/plugins/com.st.stm32cube.ide.mcu.externaltools.gnu-tools-for-stm32.9-2020-q2-update.win32_2.0.0.202105311346/tools/bin/../lib/gcc/arm-none-eabi/9.3.1/../../../../arm-none-eabi/lib/thumb/v7e-m+fp/hard\libc_nano.a(lib_a-memmove.o)
 .ARM.attributes
                0x000000000000091a       0x34 d:/semester 241/embedded system/stm32 application/stm32cubeide_1.7.0/stm32cubeide/plugins/com.st.stm32cube.ide.mcu.externaltools.gnu-tools-for-stm32.9-2020-q2-update.win32_2.0.0.202105311346/tools/bin/../lib/gcc/arm-none-eabi/9.3.1/../../../../arm-none-eabi/lib/thumb/v7e-m+fp/hard\libc_nano.a(lib_a-nano-freer.o)
 .ARM.attributes
                0x000000000000094e       0x34 d:/semester 241/embedded system/stm32 application/stm32cubeide_1.7.0/stm32cubeide/plugins/com.st.stm32cube.ide.mcu.externaltools.gnu-tools-for-stm32.9-2020-q2-update.win32_2.0.0.202105311346/tools/bin/../lib/gcc/arm-none-eabi/9.3.1/../../../../arm-none-eabi/lib/thumb/v7e-m+fp/hard\libc_nano.a(lib_a-nano-mallocr.o)
 .ARM.attributes
                0x0000000000000982       0x34 d:/semester 241/embedded system/stm32 application/stm32cubeide_1.7.0/stm32cubeide/plugins/com.st.stm32cube.ide.mcu.externaltools.gnu-tools-for-stm32.9-2020-q2-update.win32_2.0.0.202105311346/tools/bin/../lib/gcc/arm-none-eabi/9.3.1/../../../../arm-none-eabi/lib/thumb/v7e-m+fp/hard\libc_nano.a(lib_a-nano-reallocr.o)
 .ARM.attributes
                0x00000000000009b6       0x34 d:/semester 241/embedded system/stm32 application/stm32cubeide_1.7.0/stm32cubeide/plugins/com.st.stm32cube.ide.mcu.externaltools.gnu-tools-for-stm32.9-2020-q2-update.win32_2.0.0.202105311346/tools/bin/../lib/gcc/arm-none-eabi/9.3.1/../../../../arm-none-eabi/lib/thumb/v7e-m+fp/hard\libc_nano.a(lib_a-sbrkr.o)
 .ARM.attributes
                0x00000000000009ea       0x34 d:/semester 241/embedded system/stm32 application/stm32cubeide_1.7.0/stm32cubeide/plugins/com.st.stm32cube.ide.mcu.externaltools.gnu-tools-for-stm32.9-2020-q2-update.win32_2.0.0.202105311346/tools/bin/../lib/gcc/arm-none-eabi/9.3.1/../../../../arm-none-eabi/lib/thumb/v7e-m+fp/hard\libc_nano.a(lib_a-mlock.o)
 .ARM.attributes
                0x0000000000000a1e       0x34 d:/semester 241/embedded system/stm32 application/stm32cubeide_1.7.0/stm32cubeide/plugins/com.st.stm32cube.ide.mcu.externaltools.gnu-tools-for-stm32.9-2020-q2-update.win32_2.0.0.202105311346/tools/bin/../lib/gcc/arm-none-eabi/9.3.1/../../../../arm-none-eabi/lib/thumb/v7e-m+fp/hard\libc_nano.a(lib_a-nano-msizer.o)
 .ARM.attributes
                0x0000000000000a52       0x34 d:/semester 241/embedded system/stm32 application/stm32cubeide_1.7.0/stm32cubeide/plugins/com.st.stm32cube.ide.mcu.externaltools.gnu-tools-for-stm32.9-2020-q2-update.win32_2.0.0.202105311346/tools/bin/../lib/gcc/arm-none-eabi/9.3.1/../../../../arm-none-eabi/lib/thumb/v7e-m+fp/hard\libc_nano.a(lib_a-reent.o)
 .ARM.attributes
                0x0000000000000a86       0x34 d:/semester 241/embedded system/stm32 application/stm32cubeide_1.7.0/stm32cubeide/plugins/com.st.stm32cube.ide.mcu.externaltools.gnu-tools-for-stm32.9-2020-q2-update.win32_2.0.0.202105311346/tools/bin/../lib/gcc/arm-none-eabi/9.3.1/../../../../arm-none-eabi/lib/thumb/v7e-m+fp/hard\libc_nano.a(lib_a-lock.o)
 .ARM.attributes
                0x0000000000000aba       0x1e d:/semester 241/embedded system/stm32 application/stm32cubeide_1.7.0/stm32cubeide/plugins/com.st.stm32cube.ide.mcu.externaltools.gnu-tools-for-stm32.9-2020-q2-update.win32_2.0.0.202105311346/tools/bin/../lib/gcc/arm-none-eabi/9.3.1/thumb/v7e-m+fp/hard\libgcc.a(_aeabi_uldivmod.o)
 .ARM.attributes
                0x0000000000000ad8       0x34 d:/semester 241/embedded system/stm32 application/stm32cubeide_1.7.0/stm32cubeide/plugins/com.st.stm32cube.ide.mcu.externaltools.gnu-tools-for-stm32.9-2020-q2-update.win32_2.0.0.202105311346/tools/bin/../lib/gcc/arm-none-eabi/9.3.1/thumb/v7e-m+fp/hard\libgcc.a(_udivmoddi4.o)
 .ARM.attributes
                0x0000000000000b0c       0x1e d:/semester 241/embedded system/stm32 application/stm32cubeide_1.7.0/stm32cubeide/plugins/com.st.stm32cube.ide.mcu.externaltools.gnu-tools-for-stm32.9-2020-q2-update.win32_2.0.0.202105311346/tools/bin/../lib/gcc/arm-none-eabi/9.3.1/thumb/v7e-m+fp/hard\libgcc.a(_dvmd_tls.o)
 .ARM.attributes
                0x0000000000000b2a       0x1e d:/semester 241/embedded system/stm32 application/stm32cubeide_1.7.0/stm32cubeide/plugins/com.st.stm32cube.ide.mcu.externaltools.gnu-tools-for-stm32.9-2020-q2-update.win32_2.0.0.202105311346/tools/bin/../lib/gcc/arm-none-eabi/9.3.1/thumb/v7e-m+fp/hard/crtn.o
OUTPUT(lab4_i2c_rtc.elf elf32-littlearm)
LOAD linker stubs
LOAD d:/semester 241/embedded system/stm32 application/stm32cubeide_1.7.0/stm32cubeide/plugins/com.st.stm32cube.ide.mcu.externaltools.gnu-tools-for-stm32.9-2020-q2-update.win32_2.0.0.202105311346/tools/bin/../lib/gcc/arm-none-eabi/9.3.1/../../../../arm-none-eabi/lib/thumb/v7e-m+fp/hard\libc.a
LOAD d:/semester 241/embedded system/stm32 application/stm32cubeide_1.7.0/stm32cubeide/plugins/com.st.stm32cube.ide.mcu.externaltools.gnu-tools-for-stm32.9-2020-q2-update.win32_2.0.0.202105311346/tools/bin/../lib/gcc/arm-none-eabi/9.3.1/../../../../arm-none-eabi/lib/thumb/v7e-m+fp/hard\libm.a
LOAD d:/semester 241/embedded system/stm32 application/stm32cubeide_1.7.0/stm32cubeide/plugins/com.st.stm32cube.ide.mcu.externaltools.gnu-tools-for-stm32.9-2020-q2-update.win32_2.0.0.202105311346/tools/bin/../lib/gcc/arm-none-eabi/9.3.1/thumb/v7e-m+fp/hard\libgcc.a

.debug_info     0x0000000000000000    0x20ed5
 .debug_info    0x0000000000000000     0x1779 ./Core/Src/al_fsm.o
 .debug_info    0x0000000000001779      0x7f4 ./Core/Src/button.o
 .debug_info    0x0000000000001f6d      0x839 ./Core/Src/ds3231.o
 .debug_info    0x00000000000027a6      0xa96 ./Core/Src/fsmc.o
 .debug_info    0x000000000000323c      0xc76 ./Core/Src/global.o
 .debug_info    0x0000000000003eb2      0x569 ./Core/Src/gpio.o
 .debug_info    0x000000000000441b      0xa7d ./Core/Src/i2c.o
 .debug_info    0x0000000000004e98     0x17ee ./Core/Src/lcd.o
 .debug_info    0x0000000000006686     0x20fe ./Core/Src/main.o
 .debug_info    0x0000000000008784     0x1b0f ./Core/Src/main_fsm.o
 .debug_info    0x000000000000a293      0x83d ./Core/Src/software_timer.o
 .debug_info    0x000000000000aad0      0xa5a ./Core/Src/spi.o
 .debug_info    0x000000000000b52a      0x394 ./Core/Src/stm32f4xx_hal_msp.o
 .debug_info    0x000000000000b8be      0xa6f ./Core/Src/stm32f4xx_it.o
 .debug_info    0x000000000000c32d      0xa25 ./Core/Src/sysmem.o
 .debug_info    0x000000000000cd52      0x5a4 ./Core/Src/system_stm32f4xx.o
 .debug_info    0x000000000000d2f6      0xc88 ./Core/Src/tim.o
 .debug_info    0x000000000000df7e     0x1036 ./Core/Src/uart.o
 .debug_info    0x000000000000efb4     0x14fd ./Core/Src/uart_util.o
 .debug_info    0x00000000000104b1      0xc29 ./Core/Src/usart.o
 .debug_info    0x00000000000110da       0xd8 ./Core/Src/utils.o
 .debug_info    0x00000000000111b2       0x22 ./Core/Startup/startup_stm32f407zgtx.o
 .debug_info    0x00000000000111d4      0x9b2 ./Drivers/STM32F4xx_HAL_Driver/Src/stm32f4xx_hal.o
 .debug_info    0x0000000000011b86      0xed7 ./Drivers/STM32F4xx_HAL_Driver/Src/stm32f4xx_hal_cortex.o
 .debug_info    0x0000000000012a5d      0x9f1 ./Drivers/STM32F4xx_HAL_Driver/Src/stm32f4xx_hal_dma.o
 .debug_info    0x000000000001344e      0x83e ./Drivers/STM32F4xx_HAL_Driver/Src/stm32f4xx_hal_gpio.o
 .debug_info    0x0000000000013c8c     0x264d ./Drivers/STM32F4xx_HAL_Driver/Src/stm32f4xx_hal_i2c.o
 .debug_info    0x00000000000162d9      0x996 ./Drivers/STM32F4xx_HAL_Driver/Src/stm32f4xx_hal_rcc.o
 .debug_info    0x0000000000016c6f     0x17c0 ./Drivers/STM32F4xx_HAL_Driver/Src/stm32f4xx_hal_spi.o
 .debug_info    0x000000000001842f      0xbab ./Drivers/STM32F4xx_HAL_Driver/Src/stm32f4xx_hal_sram.o
 .debug_info    0x0000000000018fda     0x2c22 ./Drivers/STM32F4xx_HAL_Driver/Src/stm32f4xx_hal_tim.o
 .debug_info    0x000000000001bbfc     0x15a2 ./Drivers/STM32F4xx_HAL_Driver/Src/stm32f4xx_hal_tim_ex.o
 .debug_info    0x000000000001d19e     0x31de ./Drivers/STM32F4xx_HAL_Driver/Src/stm32f4xx_hal_uart.o
 .debug_info    0x000000000002037c      0xb59 ./Drivers/STM32F4xx_HAL_Driver/Src/stm32f4xx_ll_fsmc.o

.debug_abbrev   0x0000000000000000     0x4320
 .debug_abbrev  0x0000000000000000      0x1f9 ./Core/Src/al_fsm.o
 .debug_abbrev  0x00000000000001f9      0x1bf ./Core/Src/button.o
 .debug_abbrev  0x00000000000003b8      0x1a7 ./Core/Src/ds3231.o
 .debug_abbrev  0x000000000000055f      0x1e2 ./Core/Src/fsmc.o
 .debug_abbrev  0x0000000000000741      0x1bb ./Core/Src/global.o
 .debug_abbrev  0x00000000000008fc      0x14e ./Core/Src/gpio.o
 .debug_abbrev  0x0000000000000a4a      0x1bb ./Core/Src/i2c.o
 .debug_abbrev  0x0000000000000c05      0x390 ./Core/Src/lcd.o
 .debug_abbrev  0x0000000000000f95      0x2b9 ./Core/Src/main.o
 .debug_abbrev  0x000000000000124e      0x273 ./Core/Src/main_fsm.o
 .debug_abbrev  0x00000000000014c1      0x1d4 ./Core/Src/software_timer.o
 .debug_abbrev  0x0000000000001695      0x1bb ./Core/Src/spi.o
 .debug_abbrev  0x0000000000001850      0x11d ./Core/Src/stm32f4xx_hal_msp.o
 .debug_abbrev  0x000000000000196d      0x176 ./Core/Src/stm32f4xx_it.o
 .debug_abbrev  0x0000000000001ae3      0x1bf ./Core/Src/sysmem.o
 .debug_abbrev  0x0000000000001ca2      0x145 ./Core/Src/system_stm32f4xx.o
 .debug_abbrev  0x0000000000001de7      0x1bb ./Core/Src/tim.o
 .debug_abbrev  0x0000000000001fa2      0x280 ./Core/Src/uart.o
 .debug_abbrev  0x0000000000002222      0x278 ./Core/Src/uart_util.o
 .debug_abbrev  0x000000000000249a      0x1c4 ./Core/Src/usart.o
 .debug_abbrev  0x000000000000265e       0x87 ./Core/Src/utils.o
 .debug_abbrev  0x00000000000026e5       0x12 ./Core/Startup/startup_stm32f407zgtx.o
 .debug_abbrev  0x00000000000026f7      0x1ed ./Drivers/STM32F4xx_HAL_Driver/Src/stm32f4xx_hal.o
 .debug_abbrev  0x00000000000028e4      0x33c ./Drivers/STM32F4xx_HAL_Driver/Src/stm32f4xx_hal_cortex.o
 .debug_abbrev  0x0000000000002c20      0x259 ./Drivers/STM32F4xx_HAL_Driver/Src/stm32f4xx_hal_dma.o
 .debug_abbrev  0x0000000000002e79      0x1f1 ./Drivers/STM32F4xx_HAL_Driver/Src/stm32f4xx_hal_gpio.o
 .debug_abbrev  0x000000000000306a      0x282 ./Drivers/STM32F4xx_HAL_Driver/Src/stm32f4xx_hal_i2c.o
 .debug_abbrev  0x00000000000032ec      0x275 ./Drivers/STM32F4xx_HAL_Driver/Src/stm32f4xx_hal_rcc.o
 .debug_abbrev  0x0000000000003561      0x26e ./Drivers/STM32F4xx_HAL_Driver/Src/stm32f4xx_hal_spi.o
 .debug_abbrev  0x00000000000037cf      0x1f4 ./Drivers/STM32F4xx_HAL_Driver/Src/stm32f4xx_hal_sram.o
 .debug_abbrev  0x00000000000039c3      0x25e ./Drivers/STM32F4xx_HAL_Driver/Src/stm32f4xx_hal_tim.o
 .debug_abbrev  0x0000000000003c21      0x266 ./Drivers/STM32F4xx_HAL_Driver/Src/stm32f4xx_hal_tim_ex.o
 .debug_abbrev  0x0000000000003e87      0x2eb ./Drivers/STM32F4xx_HAL_Driver/Src/stm32f4xx_hal_uart.o
 .debug_abbrev  0x0000000000004172      0x1ae ./Drivers/STM32F4xx_HAL_Driver/Src/stm32f4xx_ll_fsmc.o

.debug_aranges  0x0000000000000000     0x1568
 .debug_aranges
                0x0000000000000000       0x20 ./Core/Src/al_fsm.o
 .debug_aranges
                0x0000000000000020       0x28 ./Core/Src/button.o
 .debug_aranges
                0x0000000000000048       0x30 ./Core/Src/ds3231.o
 .debug_aranges
                0x0000000000000078       0x40 ./Core/Src/fsmc.o
 .debug_aranges
                0x00000000000000b8       0x18 ./Core/Src/global.o
 .debug_aranges
                0x00000000000000d0       0x20 ./Core/Src/gpio.o
 .debug_aranges
                0x00000000000000f0       0x30 ./Core/Src/i2c.o
 .debug_aranges
                0x0000000000000120       0xe8 ./Core/Src/lcd.o
 .debug_aranges
                0x0000000000000208       0x48 ./Core/Src/main.o
 .debug_aranges
                0x0000000000000250       0x48 ./Core/Src/main_fsm.o
 .debug_aranges
                0x0000000000000298       0x30 ./Core/Src/software_timer.o
 .debug_aranges
                0x00000000000002c8       0x30 ./Core/Src/spi.o
 .debug_aranges
                0x00000000000002f8       0x20 ./Core/Src/stm32f4xx_hal_msp.o
 .debug_aranges
                0x0000000000000318       0x70 ./Core/Src/stm32f4xx_it.o
 .debug_aranges
                0x0000000000000388       0x20 ./Core/Src/sysmem.o
 .debug_aranges
                0x00000000000003a8       0x28 ./Core/Src/system_stm32f4xx.o
 .debug_aranges
                0x00000000000003d0       0x30 ./Core/Src/tim.o
 .debug_aranges
                0x0000000000000400       0x40 ./Core/Src/uart.o
 .debug_aranges
                0x0000000000000440       0x40 ./Core/Src/uart_util.o
 .debug_aranges
                0x0000000000000480       0x30 ./Core/Src/usart.o
 .debug_aranges
                0x00000000000004b0       0x28 ./Core/Src/utils.o
 .debug_aranges
                0x00000000000004d8       0x28 ./Core/Startup/startup_stm32f407zgtx.o
 .debug_aranges
                0x0000000000000500       0xf0 ./Drivers/STM32F4xx_HAL_Driver/Src/stm32f4xx_hal.o
 .debug_aranges
                0x00000000000005f0      0x118 ./Drivers/STM32F4xx_HAL_Driver/Src/stm32f4xx_hal_cortex.o
 .debug_aranges
                0x0000000000000708       0x90 ./Drivers/STM32F4xx_HAL_Driver/Src/stm32f4xx_hal_dma.o
 .debug_aranges
                0x0000000000000798       0x58 ./Drivers/STM32F4xx_HAL_Driver/Src/stm32f4xx_hal_gpio.o
 .debug_aranges
                0x00000000000007f0      0x2a0 ./Drivers/STM32F4xx_HAL_Driver/Src/stm32f4xx_hal_i2c.o
 .debug_aranges
                0x0000000000000a90       0x88 ./Drivers/STM32F4xx_HAL_Driver/Src/stm32f4xx_hal_rcc.o
 .debug_aranges
                0x0000000000000b18      0x1d0 ./Drivers/STM32F4xx_HAL_Driver/Src/stm32f4xx_hal_spi.o
 .debug_aranges
                0x0000000000000ce8       0xa0 ./Drivers/STM32F4xx_HAL_Driver/Src/stm32f4xx_hal_sram.o
 .debug_aranges
                0x0000000000000d88      0x3d0 ./Drivers/STM32F4xx_HAL_Driver/Src/stm32f4xx_hal_tim.o
 .debug_aranges
                0x0000000000001158      0x168 ./Drivers/STM32F4xx_HAL_Driver/Src/stm32f4xx_hal_tim_ex.o
 .debug_aranges
                0x00000000000012c0      0x200 ./Drivers/STM32F4xx_HAL_Driver/Src/stm32f4xx_hal_uart.o
 .debug_aranges
                0x00000000000014c0       0xa8 ./Drivers/STM32F4xx_HAL_Driver/Src/stm32f4xx_ll_fsmc.o

.debug_ranges   0x0000000000000000     0x13a0
 .debug_ranges  0x0000000000000000       0x10 ./Core/Src/al_fsm.o
 .debug_ranges  0x0000000000000010       0x18 ./Core/Src/button.o
 .debug_ranges  0x0000000000000028       0x20 ./Core/Src/ds3231.o
 .debug_ranges  0x0000000000000048       0x30 ./Core/Src/fsmc.o
 .debug_ranges  0x0000000000000078       0x10 ./Core/Src/gpio.o
 .debug_ranges  0x0000000000000088       0x20 ./Core/Src/i2c.o
 .debug_ranges  0x00000000000000a8       0xd8 ./Core/Src/lcd.o
 .debug_ranges  0x0000000000000180       0x38 ./Core/Src/main.o
 .debug_ranges  0x00000000000001b8       0x38 ./Core/Src/main_fsm.o
 .debug_ranges  0x00000000000001f0       0x20 ./Core/Src/software_timer.o
 .debug_ranges  0x0000000000000210       0x20 ./Core/Src/spi.o
 .debug_ranges  0x0000000000000230       0x10 ./Core/Src/stm32f4xx_hal_msp.o
 .debug_ranges  0x0000000000000240       0x60 ./Core/Src/stm32f4xx_it.o
 .debug_ranges  0x00000000000002a0       0x10 ./Core/Src/sysmem.o
 .debug_ranges  0x00000000000002b0       0x18 ./Core/Src/system_stm32f4xx.o
 .debug_ranges  0x00000000000002c8       0x20 ./Core/Src/tim.o
 .debug_ranges  0x00000000000002e8       0x30 ./Core/Src/uart.o
 .debug_ranges  0x0000000000000318       0x30 ./Core/Src/uart_util.o
 .debug_ranges  0x0000000000000348       0x20 ./Core/Src/usart.o
 .debug_ranges  0x0000000000000368       0x18 ./Core/Src/utils.o
 .debug_ranges  0x0000000000000380       0x20 ./Core/Startup/startup_stm32f407zgtx.o
 .debug_ranges  0x00000000000003a0       0xe0 ./Drivers/STM32F4xx_HAL_Driver/Src/stm32f4xx_hal.o
 .debug_ranges  0x0000000000000480      0x108 ./Drivers/STM32F4xx_HAL_Driver/Src/stm32f4xx_hal_cortex.o
 .debug_ranges  0x0000000000000588       0x80 ./Drivers/STM32F4xx_HAL_Driver/Src/stm32f4xx_hal_dma.o
 .debug_ranges  0x0000000000000608       0x48 ./Drivers/STM32F4xx_HAL_Driver/Src/stm32f4xx_hal_gpio.o
 .debug_ranges  0x0000000000000650      0x2b8 ./Drivers/STM32F4xx_HAL_Driver/Src/stm32f4xx_hal_i2c.o
 .debug_ranges  0x0000000000000908       0x78 ./Drivers/STM32F4xx_HAL_Driver/Src/stm32f4xx_hal_rcc.o
 .debug_ranges  0x0000000000000980      0x1c0 ./Drivers/STM32F4xx_HAL_Driver/Src/stm32f4xx_hal_spi.o
 .debug_ranges  0x0000000000000b40       0x90 ./Drivers/STM32F4xx_HAL_Driver/Src/stm32f4xx_hal_sram.o
 .debug_ranges  0x0000000000000bd0      0x3c0 ./Drivers/STM32F4xx_HAL_Driver/Src/stm32f4xx_hal_tim.o
 .debug_ranges  0x0000000000000f90      0x158 ./Drivers/STM32F4xx_HAL_Driver/Src/stm32f4xx_hal_tim_ex.o
 .debug_ranges  0x00000000000010e8      0x220 ./Drivers/STM32F4xx_HAL_Driver/Src/stm32f4xx_hal_uart.o
 .debug_ranges  0x0000000000001308       0x98 ./Drivers/STM32F4xx_HAL_Driver/Src/stm32f4xx_ll_fsmc.o

.debug_macro    0x0000000000000000    0x25cf3
 .debug_macro   0x0000000000000000      0x454 ./Core/Src/al_fsm.o
 .debug_macro   0x0000000000000454      0xaa8 ./Core/Src/al_fsm.o
 .debug_macro   0x0000000000000efc       0x88 ./Core/Src/al_fsm.o
 .debug_macro   0x0000000000000f84       0x22 ./Core/Src/al_fsm.o
 .debug_macro   0x0000000000000fa6       0x4c ./Core/Src/al_fsm.o
 .debug_macro   0x0000000000000ff2       0x18 ./Core/Src/al_fsm.o
 .debug_macro   0x000000000000100a       0x94 ./Core/Src/al_fsm.o
 .debug_macro   0x000000000000109e       0x3c ./Core/Src/al_fsm.o
 .debug_macro   0x00000000000010da       0x34 ./Core/Src/al_fsm.o
 .debug_macro   0x000000000000110e       0x16 ./Core/Src/al_fsm.o
 .debug_macro   0x0000000000001124       0x57 ./Core/Src/al_fsm.o
 .debug_macro   0x000000000000117b       0x97 ./Core/Src/al_fsm.o
 .debug_macro   0x0000000000001212      0x339 ./Core/Src/al_fsm.o
 .debug_macro   0x000000000000154b       0xfd ./Core/Src/al_fsm.o
 .debug_macro   0x0000000000001648       0x10 ./Core/Src/al_fsm.o
 .debug_macro   0x0000000000001658       0x16 ./Core/Src/al_fsm.o
 .debug_macro   0x000000000000166e       0x43 ./Core/Src/al_fsm.o
 .debug_macro   0x00000000000016b1       0x34 ./Core/Src/al_fsm.o
 .debug_macro   0x00000000000016e5       0x10 ./Core/Src/al_fsm.o
 .debug_macro   0x00000000000016f5       0x58 ./Core/Src/al_fsm.o
 .debug_macro   0x000000000000174d       0x71 ./Core/Src/al_fsm.o
 .debug_macro   0x00000000000017be       0x1c ./Core/Src/al_fsm.o
 .debug_macro   0x00000000000017da      0x12a ./Core/Src/al_fsm.o
 .debug_macro   0x0000000000001904       0x10 ./Core/Src/al_fsm.o
 .debug_macro   0x0000000000001914       0x6a ./Core/Src/al_fsm.o
 .debug_macro   0x000000000000197e       0x1c ./Core/Src/al_fsm.o
 .debug_macro   0x000000000000199a       0x52 ./Core/Src/al_fsm.o
 .debug_macro   0x00000000000019ec       0x22 ./Core/Src/al_fsm.o
 .debug_macro   0x0000000000001a0e       0x10 ./Core/Src/al_fsm.o
 .debug_macro   0x0000000000001a1e       0x40 ./Core/Src/al_fsm.o
 .debug_macro   0x0000000000001a5e       0xd5 ./Core/Src/al_fsm.o
 .debug_macro   0x0000000000001b33       0x1c ./Core/Src/al_fsm.o
 .debug_macro   0x0000000000001b4f       0x3d ./Core/Src/al_fsm.o
 .debug_macro   0x0000000000001b8c       0x16 ./Core/Src/al_fsm.o
 .debug_macro   0x0000000000001ba2      0x145 ./Core/Src/al_fsm.o
 .debug_macro   0x0000000000001ce7      0x2ad ./Core/Src/al_fsm.o
 .debug_macro   0x0000000000001f94       0x2e ./Core/Src/al_fsm.o
 .debug_macro   0x0000000000001fc2       0x2f ./Core/Src/al_fsm.o
 .debug_macro   0x0000000000001ff1      0x103 ./Core/Src/al_fsm.o
 .debug_macro   0x00000000000020f4      0x1df ./Core/Src/al_fsm.o
 .debug_macro   0x00000000000022d3       0x1c ./Core/Src/al_fsm.o
 .debug_macro   0x00000000000022ef       0x22 ./Core/Src/al_fsm.o
 .debug_macro   0x0000000000002311       0xd9 ./Core/Src/al_fsm.o
 .debug_macro   0x00000000000023ea     0x102d ./Core/Src/al_fsm.o
 .debug_macro   0x0000000000003417      0x11f ./Core/Src/al_fsm.o
 .debug_macro   0x0000000000003536    0x15e58 ./Core/Src/al_fsm.o
 .debug_macro   0x000000000001938e       0x6d ./Core/Src/al_fsm.o